******************************************************************************
                  TI ARM Linker PC v20.2.7                     
******************************************************************************
>> Linked Sun Dec 24 13:14:21 2023

OUTPUT FILE NAME:   <lcdodevsaatseriportveadc.out>
ENTRY POINT SYMBOL: "_c_int00_noargs"  address: 00003afd


MEMORY CONFIGURATION

         name            origin    length      used     unused   attr    fill
----------------------  --------  ---------  --------  --------  ----  --------
  FLASH                 00000000   00040000  0000417e  0003be82  R  X
  SRAM                  20000000   00008000  0000049c  00007b64  RW X


SEGMENT ALLOCATION MAP

run origin  load origin   length   init length attrs members
----------  ----------- ---------- ----------- ----- -------
00000000    00000000    00004180   00004180    r-x
  00000000    00000000    0000026c   0000026c    r-- .intvecs
  0000026c    0000026c    00003b0a   00003b0a    r-x .text
  00003d78    00003d78    000003c0   000003c0    r-- .const
  00004138    00004138    00000048   00000048    r-- .cinit
20000000    20000000    000004a0   00000000    rw-
  20000000    20000000    0000026c   00000000    rw- .vtable
  20000270    20000270    00000200   00000000    rw- .stack
  20000470    20000470    00000018   00000000    rw- .bss
  20000488    20000488    00000018   00000000    rw- .data


SECTION ALLOCATION MAP

 output                                  attributes/
section   page    origin      length       input sections
--------  ----  ----------  ----------   ----------------
.intvecs   0    00000000    0000026c     
                  00000000    0000026c     tm4c123gh6pm_startup_ccs.obj (.intvecs)

.text      0    0000026c    00003b0a     
                  0000026c    000016f4     main.obj (.text)
                  00001960    00000a4e     rtsv7M4_T_le_v4SPD16_eabi.lib : _printfi.c.obj (.text:__TI_printfi)
                  000023ae    00000002     driverlib.lib : interrupt.obj (.text:_IntDefaultHandler)
                  000023b0    00000270     rtsv7M4_T_le_v4SPD16_eabi.lib : _printfi.c.obj (.text:_pconv_a)
                  00002620    000001d0                                   : _printfi.c.obj (.text:_pconv_g)
                  000027f0    000001b6                                   : fd_add_t2.asm.obj (.text)
                  000029a6    00000002                                   : div0.asm.obj (.text)
                  000029a8    0000013c                                   : _printfi.c.obj (.text:_pconv_e)
                  00002ae4    00000136                                   : fd_div_t2.asm.obj (.text)
                  00002c1a    00000002     --HOLE-- [fill = 0]
                  00002c1c    00000124                                   : _printfi.c.obj (.text:fcvt)
                  00002d40    00000118     driverlib.lib : sysctl.obj (.text:SysCtlClockGet)
                  00002e58    00000110     rtsv7M4_T_le_v4SPD16_eabi.lib : s_scalbn.c.obj (.text:scalbn)
                  00002f68    000000fc                                   : fd_mul_t2.asm.obj (.text)
                  00003064    000000f4     driverlib.lib : sysctl.obj (.text:SysCtlClockSet)
                  00003158    000000b1     rtsv7M4_T_le_v4SPD16_eabi.lib : _printfi.c.obj (.text:_ltostr)
                  00003209    00000001     --HOLE-- [fill = 0]
                  0000320a    0000009c                                   : memcpy_t2.asm.obj (.text)
                  000032a6    00000096                                   : ull_div_t2.asm.obj (.text)
                  0000333c    00000086                                   : fd_cmp_t2.asm.obj (.text:__aeabi_cdcmple)
                  000033c2    00000086                                   : fd_cmp_t2.asm.obj (.text:__aeabi_cdrcmple)
                  00003448    0000007a     driverlib.lib : adc.obj (.text:ADCSequenceStepConfigure)
                  000034c2    0000007a     rtsv7M4_T_le_v4SPD16_eabi.lib : memset_t2.asm.obj (.text)
                  0000353c    0000006e                                   : _printfi.c.obj (.text:_mcpy)
                  000035aa    00000002     --HOLE-- [fill = 0]
                  000035ac    00000068     driverlib.lib : interrupt.obj (.text:IntDisable)
                  00003614    00000068                   : interrupt.obj (.text:IntEnable)
                  0000367c    00000068     rtsv7M4_T_le_v4SPD16_eabi.lib : copy_decompress_lzss.c.obj (.text:decompress:lzss:__TI_decompress_lzss)
                  000036e4    00000064                                   : s_frexp.c.obj (.text:frexp)
                  00003748    00000060     driverlib.lib : timer.obj (.text:TimerConfigure)
                  000037a8    00000056     rtsv7M4_T_le_v4SPD16_eabi.lib : _printfi.c.obj (.text:_pconv_f)
                  000037fe    00000054                                   : _ltoa.c.obj (.text:__TI_ltoa)
                  00003852    00000052                                   : _printfi.c.obj (.text:_ecpy)
                  000038a4    0000004e     driverlib.lib : adc.obj (.text:ADCSequenceConfigure)
                  000038f2    00000002     --HOLE-- [fill = 0]
                  000038f4    0000004c     rtsv7M4_T_le_v4SPD16_eabi.lib : atoi.c.obj (.text:atoi)
                  00003940    00000048                                   : fd_toi_t2.asm.obj (.text)
                  00003988    00000046     driverlib.lib : uart.obj (.text:UARTConfigSetExpClk)
                  000039ce    00000002     --HOLE-- [fill = 0]
                  000039d0    00000044     rtsv7M4_T_le_v4SPD16_eabi.lib : autoinit.c.obj (.text:__TI_auto_init_nobinit_nopinit:__TI_auto_init_nobinit_nopinit)
                  00003a14    00000040                                   : sprintf.c.obj (.text:sprintf)
                  00003a54    0000003e                                   : _printfi.c.obj (.text:_fcpy)
                  00003a92    00000002     --HOLE-- [fill = 0]
                  00003a94    00000034     driverlib.lib : interrupt.obj (.text:IntRegister)
                  00003ac8    00000034                   : sysctl.obj (.text:SysCtlPeripheralEnable)
                  00003afc    00000034     rtsv7M4_T_le_v4SPD16_eabi.lib : boot_cortex_m.c.obj (.text:_c_int00_noargs:_c_int00_noargs)
                  00003b30    0000002e     driverlib.lib : adc.obj (.text:ADCIntStatus)
                  00003b5e    0000002e     rtsv7M4_T_le_v4SPD16_eabi.lib : i_tofd_t2.asm.obj (.text)
                  00003b8c    00000020     driverlib.lib : uart.obj (.text:UARTDisable)
                  00003bac    0000001e                   : adc.obj (.text:ADCSequenceDataGet)
                  00003bca    0000001c     rtsv7M4_T_le_v4SPD16_eabi.lib : copy_zero_init.c.obj (.text:decompress:ZI:__TI_zero_init_nomemset:__TI_zero_init_nomemset)
                  00003be6    0000001c                                   : memccpy.c.obj (.text:memccpy)
                  00003c02    0000001a                                   : s_copysign.c.obj (.text:copysign)
                  00003c1c    00000018     driverlib.lib : adc.obj (.text:ADCProcessorTrigger)
                  00003c34    00000018                   : timer.obj (.text:TimerDisable)
                  00003c4c    00000018     rtsv7M4_T_le_v4SPD16_eabi.lib : sprintf.c.obj (.text:_outs)
                  00003c64    00000016                                   : strchr.c.obj (.text:strchr)
                  00003c7a    00000002     --HOLE-- [fill = 0]
                  00003c7c    00000014     driverlib.lib : interrupt.obj (.text:IntUnregister)
                  00003c90    00000014                   : uart.obj (.text:UARTEnable)
                  00003ca4    00000014     rtsv7M4_T_le_v4SPD16_eabi.lib : strlen.c.obj (.text:strlen)
                  00003cb8    00000012     driverlib.lib : timer.obj (.text:TimerLoadSet)
                  00003cca    00000012     rtsv7M4_T_le_v4SPD16_eabi.lib : wcslen.c.obj (.text:wcslen)
                  00003cdc    0000000e     driverlib.lib : adc.obj (.text:ADCSequenceEnable)
                  00003cea    0000000e                   : timer.obj (.text:TimerEnable)
                  00003cf8    0000000e                   : uart.obj (.text:UARTCharsAvail)
                  00003d06    0000000e     rtsv7M4_T_le_v4SPD16_eabi.lib : copy_decompress_none.c.obj (.text:decompress:none:__TI_decompress_none)
                  00003d14    0000000c     tm4c123gh6pm_startup_ccs.obj (.text)
                  00003d20    0000000a     driverlib.lib : adc.obj (.text:ADCIntClear)
                  00003d2a    0000000a                   : timer.obj (.text:TimerIntStatus)
                  00003d34    0000000a                   : uart.obj (.text:UARTCharGet)
                  00003d3e    0000000a                   : uart.obj (.text:UARTCharPut)
                  00003d48    0000000a     rtsv7M4_T_le_v4SPD16_eabi.lib : sprintf.c.obj (.text:_outc)
                  00003d52    00000008     driverlib.lib : timer.obj (.text:TimerIntEnable)
                  00003d5a    00000002     --HOLE-- [fill = 0]
                  00003d5c    00000008     rtsv7M4_T_le_v4SPD16_eabi.lib : errno.c.obj (.text:__aeabi_errno_addr)
                  00003d64    00000006     driverlib.lib : sysctl.obj (.text:SysCtlDelay)
                  00003d6a    00000004                   : timer.obj (.text:TimerIntClear)
                  00003d6e    00000004     rtsv7M4_T_le_v4SPD16_eabi.lib : pre_init.c.obj (.text:_system_pre_init)
                  00003d72    00000004                                   : exit.c.obj (.text:abort:abort)

.const     0    00003d78    000003c0     
                  00003d78    00000101     rtsv7M4_T_le_v4SPD16_eabi.lib : ctype.c.obj (.const:.string:_ctypes_)
                  00003e79    00000003     --HOLE-- [fill = 0]
                  00003e7c    000000d8     main.obj (.const:g_ppui32GPIOIntMapSnowflake)
                  00003f54    000000c0     main.obj (.const:g_ppui32GPIOIntMapBlizzard)
                  00004014    00000090     main.obj (.const:g_pui32GPIOBaseAddrs)
                  000040a4    0000006c     driverlib.lib : sysctl.obj (.const:g_pui32Xtals)
                  00004110    00000014                   : interrupt.obj (.const:g_pui32Dii16Regs)
                  00004124    00000014                   : interrupt.obj (.const:g_pui32EnRegs)

.cinit     0    00004138    00000048     
                  00004138    00000013     (.cinit..data.load) [load image, compression = lzss]
                  0000414b    00000001     --HOLE-- [fill = 0]
                  0000414c    0000000c     (__TI_handler_table)
                  00004158    00000008     (.cinit..bss.load) [load image, compression = zero_init]
                  00004160    00000008     (.cinit..vtable.load) [load image, compression = zero_init]
                  00004168    00000018     (__TI_cinit_table)

.init_array 
*          0    00000000    00000000     UNINITIALIZED

.vtable    0    20000000    0000026c     UNINITIALIZED
                  20000000    0000026c     driverlib.lib : interrupt.obj (.vtable)

.bss       0    20000470    00000018     UNINITIALIZED
                  20000470    00000010     (.common:geldiVeri)
                  20000480    00000004     (.common:gelenveri)
                  20000484    00000004     (.common:timerkesmesi)

.data      0    20000488    00000018     UNINITIALIZED
                  20000488    0000000c     main.obj (.data)
                  20000494    00000008     main.obj (.data:timeString)
                  2000049c    00000004     rtsv7M4_T_le_v4SPD16_eabi.lib : errno.c.obj (.data)

.stack     0    20000270    00000200     UNINITIALIZED
                  20000270    00000004     rtsv7M4_T_le_v4SPD16_eabi.lib : boot_cortex_m.c.obj (.stack)
                  20000274    000001fc     --HOLE--

__llvm_prf_cnts 
*          0    20000000    00000000     UNINITIALIZED

MODULE SUMMARY

       Module                         code    ro data   rw data
       ------                         ----    -------   -------
    .\
       main.obj                       5876    552       44     
       tm4c123gh6pm_startup_ccs.obj   12      620       0      
    +--+------------------------------+-------+---------+---------+
       Total:                         5888    1172      44     
                                                               
    C:/ti/TivaWare_C_Series-2.2.0.295/driverlib/ccs/Debug/driverlib.lib
       interrupt.obj                  282     40        620    
       sysctl.obj                     582     108       0      
       adc.obj                        324     0         0      
       timer.obj                      174     0         0      
       uart.obj                       156     0         0      
    +--+------------------------------+-------+---------+---------+
       Total:                         1518    148       620    
                                                               
    C:\ti\ccs1230\ccs\tools\compiler\ti-cgt-arm_20.2.7.LTS\lib\rtsv7M4_T_le_v4SPD16_eabi.lib
       _printfi.c.obj                 4851    0         0      
       fd_add_t2.asm.obj              438     0         0      
       fd_div_t2.asm.obj              310     0         0      
       s_scalbn.c.obj                 272     0         0      
       fd_cmp_t2.asm.obj              268     0         0      
       ctype.c.obj                    0       257       0      
       fd_mul_t2.asm.obj              252     0         0      
       memcpy_t2.asm.obj              156     0         0      
       ull_div_t2.asm.obj             150     0         0      
       memset_t2.asm.obj              122     0         0      
       copy_decompress_lzss.c.obj     104     0         0      
       s_frexp.c.obj                  100     0         0      
       sprintf.c.obj                  98      0         0      
       _ltoa.c.obj                    84      0         0      
       atoi.c.obj                     76      0         0      
       fd_toi_t2.asm.obj              72      0         0      
       autoinit.c.obj                 68      0         0      
       boot_cortex_m.c.obj            52      0         0      
       i_tofd_t2.asm.obj              46      0         0      
       copy_zero_init.c.obj           28      0         0      
       memccpy.c.obj                  28      0         0      
       s_copysign.c.obj               26      0         0      
       strchr.c.obj                   22      0         0      
       strlen.c.obj                   20      0         0      
       wcslen.c.obj                   18      0         0      
       copy_decompress_none.c.obj     14      0         0      
       errno.c.obj                    8       0         4      
       exit.c.obj                     4       0         0      
       pre_init.c.obj                 4       0         0      
       div0.asm.obj                   2       0         0      
    +--+------------------------------+-------+---------+---------+
       Total:                         7693    257       4      
                                                               
       Stack:                         0       0         512    
       Linker Generated:              0       71        0      
    +--+------------------------------+-------+---------+---------+
       Grand Total:                   15099   1648      1180   


LINKER GENERATED COPY TABLES

__TI_cinit_table @ 00004168 records: 3, size/record: 8, table size: 24
	.data: load addr=00004138, load size=00000013 bytes, run addr=20000488, run size=00000018 bytes, compression=lzss
	.bss: load addr=00004158, load size=00000008 bytes, run addr=20000470, run size=00000018 bytes, compression=zero_init
	.vtable: load addr=00004160, load size=00000008 bytes, run addr=20000000, run size=0000026c bytes, compression=zero_init


LINKER GENERATED HANDLER TABLE

__TI_handler_table @ 0000414c records: 3, size/record: 4, table size: 12
	index: 0, handler: __TI_zero_init
	index: 1, handler: __TI_decompress_lzss
	index: 2, handler: __TI_decompress_none


GLOBAL SYMBOLS: SORTED ALPHABETICALLY BY Name 

address   name                          
-------   ----                          
00003d21  ADCIntClear                   
00003b31  ADCIntStatus                  
00003c1d  ADCProcessorTrigger           
000038a5  ADCSequenceConfigure          
00003bad  ADCSequenceDataGet            
00003cdd  ADCSequenceEnable             
00003449  ADCSequenceStepConfigure      
00003d73  C$$EXIT                       
00000e31  GPIOADCTriggerDisable         
00000e13  GPIOADCTriggerEnable          
00000df5  GPIODMATriggerDisable         
00000dd7  GPIODMATriggerEnable          
00000327  GPIODirModeGet                
000002cb  GPIODirModeSet                
000008e1  GPIOIntClear                  
000008a5  GPIOIntDisable                
00000881  GPIOIntEnable                 
000008f5  GPIOIntRegister               
0000092d  GPIOIntRegisterPin            
000008bf  GPIOIntStatus                 
00000417  GPIOIntTypeGet                
00000373  GPIOIntTypeSet                
00000913  GPIOIntUnregister             
0000095b  GPIOIntUnregisterPin          
0000070f  GPIOPadConfigGet              
000004a1  GPIOPadConfigSet              
00000d79  GPIOPinConfigure              
0000097f  GPIOPinRead                   
000009b7  GPIOPinTypeADC                
000009db  GPIOPinTypeCAN                
000009ff  GPIOPinTypeComparator         
00000a23  GPIOPinTypeComparatorOutput   
00000a47  GPIOPinTypeDIVSCLK            
00000a6b  GPIOPinTypeEPI                
00000a8f  GPIOPinTypeEthernetLED        
00000ab3  GPIOPinTypeEthernetMII        
00000ad7  GPIOPinTypeGPIOInput          
00000afb  GPIOPinTypeGPIOOutput         
00000b25  GPIOPinTypeGPIOOutputOD       
00000b49  GPIOPinTypeHibernateRTCCLK    
00000b6d  GPIOPinTypeI2C                
00000b91  GPIOPinTypeI2CSCL             
00000bb5  GPIOPinTypeLCD                
00000bd9  GPIOPinTypeOneWire            
00000bfd  GPIOPinTypePWM                
00000c21  GPIOPinTypeQEI                
00000c45  GPIOPinTypeSSI                
00000c69  GPIOPinTypeTimer              
00000c8d  GPIOPinTypeTrace              
00000cb1  GPIOPinTypeUART               
00000cd5  GPIOPinTypeUSBAnalog          
00000cf9  GPIOPinTypeUSBDigital         
00000d1d  GPIOPinTypeWakeHigh           
00000d43  GPIOPinTypeWakeLow            
00000d69  GPIOPinWakeStatus             
00000997  GPIOPinWrite                  
00000e4f  GPIOUnlockPin                 
000035ad  IntDisable                    
00003615  IntEnable                     
00003a95  IntRegister                   
00003c7d  IntUnregister                 
0000140d  LCD_Clear                     
000012b9  LCD_Command                   
000013c9  LCD_Cursor                    
0000165f  LCD_Print                     
0000184f  LCD_PrintAt                   
00001545  LCD_PrintJustify              
000016c3  LCD_PrintLn                   
00001345  LCD_Show                      
0000142d  LCD_Yaz                       
000011b9  LCD_init                      
00003d15  ResetISR                      
00002d41  SysCtlClockGet                
00003065  SysCtlClockSet                
00003d65  SysCtlDelay                   
00003ac9  SysCtlPeripheralEnable        
00003749  TimerConfigure                
00003c35  TimerDisable                  
00003ceb  TimerEnable                   
00003d6b  TimerIntClear                 
00003d53  TimerIntEnable                
00003d2b  TimerIntStatus                
00003cb9  TimerLoadSet                  
00003d35  UARTCharGet                   
00003d3f  UARTCharPut                   
00003cf9  UARTCharsAvail                
00003989  UARTConfigSetExpClk           
00003b8d  UARTDisable                   
00003c91  UARTEnable                    
20000470  __STACK_END                   
00000200  __STACK_SIZE                  
20000470  __STACK_TOP                   
00004168  __TI_CINIT_Base               
00004180  __TI_CINIT_Limit              
0000414c  __TI_Handler_Table_Base       
00004158  __TI_Handler_Table_Limit      
000039d1  __TI_auto_init_nobinit_nopinit
0000367d  __TI_decompress_lzss          
00003d07  __TI_decompress_none          
000037ff  __TI_ltoa                     
ffffffff  __TI_pprof_out_hndl           
00001961  __TI_printfi                  
ffffffff  __TI_prof_data_size           
ffffffff  __TI_prof_data_start          
00000000  __TI_static_base__            
00003bcb  __TI_zero_init_nomemset       
0000333d  __aeabi_cdcmpeq               
0000333d  __aeabi_cdcmple               
000033c3  __aeabi_cdrcmple              
00003941  __aeabi_d2iz                  
000027fb  __aeabi_dadd                  
00002ae5  __aeabi_ddiv                  
00002f69  __aeabi_dmul                  
000027f1  __aeabi_dsub                  
00003d5d  __aeabi_errno_addr            
00003b5f  __aeabi_i2d                   
000029a7  __aeabi_idiv0                 
000029a7  __aeabi_ldiv0                 
000034c3  __aeabi_memclr                
000034c3  __aeabi_memclr4               
000034c3  __aeabi_memclr8               
0000320b  __aeabi_memcpy                
0000320b  __aeabi_memcpy4               
0000320b  __aeabi_memcpy8               
000034c5  __aeabi_memset                
000034c5  __aeabi_memset4               
000034c5  __aeabi_memset8               
000032a7  __aeabi_uldivmod              
ffffffff  __binit__                     
ffffffff  __c_args__                    
UNDEFED   __mpu_init                    
20000270  __stack                       
20000000  __start___llvm_prf_cnts       
20000000  __stop___llvm_prf_cnts        
00003afd  _c_int00_noargs               
00003d78  _ctypes_                      
UNDEFED   _system_post_cinit            
00003d6f  _system_pre_init              
00003d73  abort                         
0000101d  adcserigonder                 
000038f5  atoi                          
ffffffff  binit                         
00003c03  copysign                      
00003c03  copysignl                     
2000049c  errno                         
000036e5  frexp                         
000036e5  frexpl                        
20000000  g_pfnRAMVectors               
00000000  g_pfnVectors                  
20000470  geldiVeri                     
20000490  gelenkarakterno               
2000048c  gelensaatno                   
20000480  gelenveri                     
00001897  ilkayarlar                    
00001709  initClock                     
00001747  initLCD                       
20000489  karaktermi                    
00002e59  ldexp                         
00002e59  ldexpl                        
00000e75  main                          
00003be7  memccpy                       
0000320b  memcpy                        
000034cb  memset                        
20000488  saatmi                        
00002e59  scalbn                        
00002e59  scalbnl                       
00003a15  sprintf                       
00003c65  strchr                        
00003ca5  strlen                        
20000494  timeString                    
20000484  timerkesmesi                  
0000175d  updateClock                   
00003ccb  wcslen                        


GLOBAL SYMBOLS: SORTED BY Symbol Address 

address   name                          
-------   ----                          
00000000  __TI_static_base__            
00000000  g_pfnVectors                  
00000200  __STACK_SIZE                  
000002cb  GPIODirModeSet                
00000327  GPIODirModeGet                
00000373  GPIOIntTypeSet                
00000417  GPIOIntTypeGet                
000004a1  GPIOPadConfigSet              
0000070f  GPIOPadConfigGet              
00000881  GPIOIntEnable                 
000008a5  GPIOIntDisable                
000008bf  GPIOIntStatus                 
000008e1  GPIOIntClear                  
000008f5  GPIOIntRegister               
00000913  GPIOIntUnregister             
0000092d  GPIOIntRegisterPin            
0000095b  GPIOIntUnregisterPin          
0000097f  GPIOPinRead                   
00000997  GPIOPinWrite                  
000009b7  GPIOPinTypeADC                
000009db  GPIOPinTypeCAN                
000009ff  GPIOPinTypeComparator         
00000a23  GPIOPinTypeComparatorOutput   
00000a47  GPIOPinTypeDIVSCLK            
00000a6b  GPIOPinTypeEPI                
00000a8f  GPIOPinTypeEthernetLED        
00000ab3  GPIOPinTypeEthernetMII        
00000ad7  GPIOPinTypeGPIOInput          
00000afb  GPIOPinTypeGPIOOutput         
00000b25  GPIOPinTypeGPIOOutputOD       
00000b49  GPIOPinTypeHibernateRTCCLK    
00000b6d  GPIOPinTypeI2C                
00000b91  GPIOPinTypeI2CSCL             
00000bb5  GPIOPinTypeLCD                
00000bd9  GPIOPinTypeOneWire            
00000bfd  GPIOPinTypePWM                
00000c21  GPIOPinTypeQEI                
00000c45  GPIOPinTypeSSI                
00000c69  GPIOPinTypeTimer              
00000c8d  GPIOPinTypeTrace              
00000cb1  GPIOPinTypeUART               
00000cd5  GPIOPinTypeUSBAnalog          
00000cf9  GPIOPinTypeUSBDigital         
00000d1d  GPIOPinTypeWakeHigh           
00000d43  GPIOPinTypeWakeLow            
00000d69  GPIOPinWakeStatus             
00000d79  GPIOPinConfigure              
00000dd7  GPIODMATriggerEnable          
00000df5  GPIODMATriggerDisable         
00000e13  GPIOADCTriggerEnable          
00000e31  GPIOADCTriggerDisable         
00000e4f  GPIOUnlockPin                 
00000e75  main                          
0000101d  adcserigonder                 
000011b9  LCD_init                      
000012b9  LCD_Command                   
00001345  LCD_Show                      
000013c9  LCD_Cursor                    
0000140d  LCD_Clear                     
0000142d  LCD_Yaz                       
00001545  LCD_PrintJustify              
0000165f  LCD_Print                     
000016c3  LCD_PrintLn                   
00001709  initClock                     
00001747  initLCD                       
0000175d  updateClock                   
0000184f  LCD_PrintAt                   
00001897  ilkayarlar                    
00001961  __TI_printfi                  
000027f1  __aeabi_dsub                  
000027fb  __aeabi_dadd                  
000029a7  __aeabi_idiv0                 
000029a7  __aeabi_ldiv0                 
00002ae5  __aeabi_ddiv                  
00002d41  SysCtlClockGet                
00002e59  ldexp                         
00002e59  ldexpl                        
00002e59  scalbn                        
00002e59  scalbnl                       
00002f69  __aeabi_dmul                  
00003065  SysCtlClockSet                
0000320b  __aeabi_memcpy                
0000320b  __aeabi_memcpy4               
0000320b  __aeabi_memcpy8               
0000320b  memcpy                        
000032a7  __aeabi_uldivmod              
0000333d  __aeabi_cdcmpeq               
0000333d  __aeabi_cdcmple               
000033c3  __aeabi_cdrcmple              
00003449  ADCSequenceStepConfigure      
000034c3  __aeabi_memclr                
000034c3  __aeabi_memclr4               
000034c3  __aeabi_memclr8               
000034c5  __aeabi_memset                
000034c5  __aeabi_memset4               
000034c5  __aeabi_memset8               
000034cb  memset                        
000035ad  IntDisable                    
00003615  IntEnable                     
0000367d  __TI_decompress_lzss          
000036e5  frexp                         
000036e5  frexpl                        
00003749  TimerConfigure                
000037ff  __TI_ltoa                     
000038a5  ADCSequenceConfigure          
000038f5  atoi                          
00003941  __aeabi_d2iz                  
00003989  UARTConfigSetExpClk           
000039d1  __TI_auto_init_nobinit_nopinit
00003a15  sprintf                       
00003a95  IntRegister                   
00003ac9  SysCtlPeripheralEnable        
00003afd  _c_int00_noargs               
00003b31  ADCIntStatus                  
00003b5f  __aeabi_i2d                   
00003b8d  UARTDisable                   
00003bad  ADCSequenceDataGet            
00003bcb  __TI_zero_init_nomemset       
00003be7  memccpy                       
00003c03  copysign                      
00003c03  copysignl                     
00003c1d  ADCProcessorTrigger           
00003c35  TimerDisable                  
00003c65  strchr                        
00003c7d  IntUnregister                 
00003c91  UARTEnable                    
00003ca5  strlen                        
00003cb9  TimerLoadSet                  
00003ccb  wcslen                        
00003cdd  ADCSequenceEnable             
00003ceb  TimerEnable                   
00003cf9  UARTCharsAvail                
00003d07  __TI_decompress_none          
00003d15  ResetISR                      
00003d21  ADCIntClear                   
00003d2b  TimerIntStatus                
00003d35  UARTCharGet                   
00003d3f  UARTCharPut                   
00003d53  TimerIntEnable                
00003d5d  __aeabi_errno_addr            
00003d65  SysCtlDelay                   
00003d6b  TimerIntClear                 
00003d6f  _system_pre_init              
00003d73  C$$EXIT                       
00003d73  abort                         
00003d78  _ctypes_                      
0000414c  __TI_Handler_Table_Base       
00004158  __TI_Handler_Table_Limit      
00004168  __TI_CINIT_Base               
00004180  __TI_CINIT_Limit              
20000000  __start___llvm_prf_cnts       
20000000  __stop___llvm_prf_cnts        
20000000  g_pfnRAMVectors               
20000270  __stack                       
20000470  __STACK_END                   
20000470  __STACK_TOP                   
20000470  geldiVeri                     
20000480  gelenveri                     
20000484  timerkesmesi                  
20000488  saatmi                        
20000489  karaktermi                    
2000048c  gelensaatno                   
20000490  gelenkarakterno               
20000494  timeString                    
2000049c  errno                         
ffffffff  __TI_pprof_out_hndl           
ffffffff  __TI_prof_data_size           
ffffffff  __TI_prof_data_start          
ffffffff  __binit__                     
ffffffff  __c_args__                    
ffffffff  binit                         
UNDEFED   __mpu_init                    
UNDEFED   _system_post_cinit            

[173 symbols]
