******************************************************************************
                  TI ARM Linker Unix v20.2.7                   
******************************************************************************
>> Linked Thu Jan  9 21:27:28 2025

OUTPUT FILE NAME:   <adc.out>
ENTRY POINT SYMBOL: "_c_int00_noargs"  address: 00001c11


MEMORY CONFIGURATION

         name            origin    length      used     unused   attr    fill
----------------------  --------  ---------  --------  --------  ----  --------
  FLASH                 00000000   00040000  00001f34  0003e0cc  R  X
  SRAM                  20000000   00008000  00000474  00007b8c  RW X


SEGMENT ALLOCATION MAP

run origin  load origin   length   init length attrs members
----------  ----------- ---------- ----------- ----- -------
00000000    00000000    00001f34   00001f34    r-x
  00000000    00000000    0000026c   0000026c    r-- .intvecs
  0000026c    0000026c    00001a28   00001a28    r-x .text
  00001c94    00001c94    0000027c   0000027c    r-- .const
  00001f10    00001f10    00000024   00000024    r-- .cinit
20000000    20000000    00000478   00000000    rw-
  20000000    20000000    0000026c   00000000    rw- .vtable
  20000270    20000270    00000200   00000000    rw- .stack
  20000470    20000470    00000008   00000000    rw- .bss


SECTION ALLOCATION MAP

 output                                  attributes/
section   page    origin      length       input sections
--------  ----  ----------  ----------   ----------------
.intvecs   0    00000000    0000026c     
                  00000000    0000026c     tm4c123gh6pm_startup_ccs.obj (.intvecs)

.text      0    0000026c    00001a28     
                  0000026c    0000185c     main.obj (.text)
                  00001ac8    00000068     driverlib.lib : interrupt.obj (.text:IntDisable)
                  00001b30    00000068                   : interrupt.obj (.text:IntEnable)
                  00001b98    00000044     rtsv7M4_T_le_v4SPD16_eabi.lib : autoinit.c.obj (.text:__TI_auto_init_nobinit_nopinit:__TI_auto_init_nobinit_nopinit)
                  00001bdc    00000034     driverlib.lib : interrupt.obj (.text:IntRegister)
                  00001c10    00000034     rtsv7M4_T_le_v4SPD16_eabi.lib : boot_cortex_m.c.obj (.text:_c_int00_noargs:_c_int00_noargs)
                  00001c44    0000001c                                   : copy_zero_init.c.obj (.text:decompress:ZI:__TI_zero_init_nomemset:__TI_zero_init_nomemset)
                  00001c60    00000014     driverlib.lib : interrupt.obj (.text:IntUnregister)
                  00001c74    0000000c     tm4c123gh6pm_startup_ccs.obj (.text)
                  00001c80    00000006     main.obj (.text:SysCtlDelay)
                  00001c86    00000004     driverlib.lib : cpu.obj (.text:CPUwfi)
                  00001c8a    00000004     rtsv7M4_T_le_v4SPD16_eabi.lib : pre_init.c.obj (.text:_system_pre_init)
                  00001c8e    00000004                                   : exit.c.obj (.text:abort:abort)
                  00001c92    00000002     driverlib.lib : interrupt.obj (.text:_IntDefaultHandler)

.const     0    00001c94    0000027c     
                  00001c94    000001b0     main.obj (.const:g_pppui32XTALtoVCO)
                  00001e44    0000006c     main.obj (.const:g_pui32Xtals)
                  00001eb0    00000030     main.obj (.const:g_sXTALtoMEMTIM)
                  00001ee0    00000014     driverlib.lib : interrupt.obj (.const:g_pui32Dii16Regs)
                  00001ef4    00000014                   : interrupt.obj (.const:g_pui32EnRegs)
                  00001f08    00000008     main.obj (.const:g_pui32VCOFrequencies)

.cinit     0    00001f10    00000024     
                  00001f10    00000008     (.cinit..bss.load) [load image, compression = zero_init]
                  00001f18    00000008     (.cinit..vtable.load) [load image, compression = zero_init]
                  00001f20    00000004     (__TI_handler_table)
                  00001f24    00000010     (__TI_cinit_table)

.init_array 
*          0    00000000    00000000     UNINITIALIZED

.vtable    0    20000000    0000026c     UNINITIALIZED
                  20000000    0000026c     driverlib.lib : interrupt.obj (.vtable)

.bss       0    20000470    00000008     UNINITIALIZED
                  20000470    00000008     main.obj (.bss:g_pui8OversampleFactor)

.stack     0    20000270    00000200     UNINITIALIZED
                  20000270    00000004     rtsv7M4_T_le_v4SPD16_eabi.lib : boot_cortex_m.c.obj (.stack)
                  20000274    000001fc     --HOLE--

__llvm_prf_cnts 
*          0    20000000    00000000     UNINITIALIZED

MODULE SUMMARY

       Module                         code   ro data   rw data
       ------                         ----   -------   -------
    ./
       main.obj                       6242   596       8      
       tm4c123gh6pm_startup_ccs.obj   12     620       0      
    +--+------------------------------+------+---------+---------+
       Total:                         6254   1216      8      
                                                              
    /Applications/ti/SW-TM4C-2.2.0.295/driverlib/ccs/Debug/driverlib.lib
       interrupt.obj                  282    40        620    
       cpu.obj                        4      0         0      
    +--+------------------------------+------+---------+---------+
       Total:                         286    40        620    
                                                              
    /Applications/ti/ccs1280/ccs/tools/compiler/ti-cgt-arm_20.2.7.LTS/lib/rtsv7M4_T_le_v4SPD16_eabi.lib
       autoinit.c.obj                 68     0         0      
       boot_cortex_m.c.obj            52     0         0      
       copy_zero_init.c.obj           28     0         0      
       exit.c.obj                     4      0         0      
       pre_init.c.obj                 4      0         0      
    +--+------------------------------+------+---------+---------+
       Total:                         156    0         0      
                                                              
       Stack:                         0      0         512    
       Linker Generated:              0      36        0      
    +--+------------------------------+------+---------+---------+
       Grand Total:                   6696   1292      1140   


LINKER GENERATED COPY TABLES

__TI_cinit_table @ 00001f24 records: 2, size/record: 8, table size: 16
	.bss: load addr=00001f10, load size=00000008 bytes, run addr=20000470, run size=00000008 bytes, compression=zero_init
	.vtable: load addr=00001f18, load size=00000008 bytes, run addr=20000000, run size=0000026c bytes, compression=zero_init


LINKER GENERATED HANDLER TABLE

__TI_handler_table @ 00001f20 records: 1, size/record: 4, table size: 4
	index: 0, handler: __TI_zero_init


GLOBAL SYMBOLS: SORTED ALPHABETICALLY BY Name 

address   name                              
-------   ----                              
000019a1  ADCBusy                           
000019e9  ADCClockConfigGet                 
000019bf  ADCClockConfigSet                 
000017b3  ADCComparatorConfigure            
00001895  ADCComparatorIntClear             
0000183f  ADCComparatorIntDisable           
0000185d  ADCComparatorIntEnable            
00001881  ADCComparatorIntStatus            
000017cf  ADCComparatorRegionSet            
000017f9  ADCComparatorReset                
00001781  ADCHardwareOversampleConfigure    
0000130d  ADCIntClear                       
00001909  ADCIntClearEx                     
0000126b  ADCIntDisable                     
000018a7  ADCIntDisableEx                   
00001287  ADCIntEnable                      
000018bf  ADCIntEnableEx                    
00001219  ADCIntRegister                    
000012b5  ADCIntStatus                      
000018d7  ADCIntStatusEx                    
0000124d  ADCIntUnregister                  
0000195b  ADCPhaseDelayGet                  
00001949  ADCPhaseDelaySet                  
00001595  ADCProcessorTrigger               
00001937  ADCReferenceGet                   
0000191b  ADCReferenceSet                   
0000136d  ADCSequenceConfigure              
00001985  ADCSequenceDMADisable             
00001969  ADCSequenceDMAEnable              
00001553  ADCSequenceDataGet                
00001349  ADCSequenceDisable                
00001329  ADCSequenceEnable                 
000014f7  ADCSequenceOverflow               
0000150f  ADCSequenceOverflowClear          
00001409  ADCSequenceStepConfigure          
00001525  ADCSequenceUnderflow              
0000153d  ADCSequenceUnderflowClear         
000015b9  ADCSoftwareOversampleConfigure    
000016ed  ADCSoftwareOversampleDataGet      
0000160b  ADCSoftwareOversampleStepConfigure
00001c8f  C$$EXIT                           
00001c87  CPUwfi                            
00001ac9  IntDisable                        
00001b31  IntEnable                         
00001bdd  IntRegister                       
00001c61  IntUnregister                     
00001c75  ResetISR                          
000011a9  SysCtlAltClkConfig                
000008d1  SysCtlClockFreqSet                
00000d99  SysCtlClockGet                    
0000118d  SysCtlClockOutConfig              
00000bc9  SysCtlClockSet                    
000007d5  SysCtlDeepSleep                   
00000f5d  SysCtlDeepSleepClockConfigSet     
00000f3f  SysCtlDeepSleepClockSet           
000007b5  SysCtlDeepSleepPowerSet           
00001c81  SysCtlDelay                       
00000363  SysCtlFlashSectorSizeGet          
00000337  SysCtlFlashSizeGet                
00001033  SysCtlGPIOAHBDisable              
00001017  SysCtlGPIOAHBEnable               
00000749  SysCtlIntClear                    
00000731  SysCtlIntDisable                  
0000071d  SysCtlIntEnable                   
000006f5  SysCtlIntRegister                 
00000759  SysCtlIntStatus                   
0000070d  SysCtlIntUnregister               
0000079b  SysCtlLDODeepSleepGet             
0000078b  SysCtlLDODeepSleepSet             
00000785  SysCtlLDOSleepGet                 
00000775  SysCtlLDOSleepSet                 
0000080b  SysCtlMOSCConfigSet               
00001171  SysCtlNMIClear                    
0000115d  SysCtlNMIStatus                   
00000821  SysCtlPIOSCCalibrate              
00001001  SysCtlPWMClockGet                 
00000fe7  SysCtlPWMClockSet                 
000006a1  SysCtlPeripheralClockGating       
00000659  SysCtlPeripheralDeepSleepDisable  
00000609  SysCtlPeripheralDeepSleepEnable   
00000545  SysCtlPeripheralDisable           
00000509  SysCtlPeripheralEnable            
00000445  SysCtlPeripheralPowerOff          
00000409  SysCtlPeripheralPowerOn           
00000389  SysCtlPeripheralPresent           
000003c9  SysCtlPeripheralReady             
00000481  SysCtlPeripheralReset             
000005cd  SysCtlPeripheralSleepDisable      
00000589  SysCtlPeripheralSleepEnable       
000007c5  SysCtlReset                       
00000881  SysCtlResetBehaviorGet            
00000871  SysCtlResetBehaviorSet            
000007f7  SysCtlResetCauseClear             
000007f1  SysCtlResetCauseGet               
0000032d  SysCtlSRAMSizeGet                 
000007cd  SysCtlSleep                       
000007a1  SysCtlSleepPowerSet               
0000105b  SysCtlUSBPLLDisable               
0000104f  SysCtlUSBPLLEnable                
000010a1  SysCtlVCOGet                      
00001089  SysCtlVoltageEventClear           
0000106d  SysCtlVoltageEventConfig          
0000107d  SysCtlVoltageEventStatus          
20000470  __STACK_END                       
00000200  __STACK_SIZE                      
20000470  __STACK_TOP                       
00001f24  __TI_CINIT_Base                   
00001f34  __TI_CINIT_Limit                  
00001f20  __TI_Handler_Table_Base           
00001f24  __TI_Handler_Table_Limit          
00001b99  __TI_auto_init_nobinit_nopinit    
ffffffff  __TI_pprof_out_hndl               
ffffffff  __TI_prof_data_size               
ffffffff  __TI_prof_data_start              
00000000  __TI_static_base__                
00001c45  __TI_zero_init_nomemset           
ffffffff  __binit__                         
ffffffff  __c_args__                        
UNDEFED   __mpu_init                        
20000270  __stack                           
20000000  __start___llvm_prf_cnts           
20000000  __stop___llvm_prf_cnts            
00001c11  _c_int00_noargs                   
UNDEFED   _system_post_cinit                
00001c8b  _system_pre_init                  
00001c8f  abort                             
00001a57  ayar                              
ffffffff  binit                             
20000000  g_pfnRAMVectors                   
00000000  g_pfnVectors                      
00001a27  main                              


GLOBAL SYMBOLS: SORTED BY Symbol Address 

address   name                              
-------   ----                              
00000000  __TI_static_base__                
00000000  g_pfnVectors                      
00000200  __STACK_SIZE                      
0000032d  SysCtlSRAMSizeGet                 
00000337  SysCtlFlashSizeGet                
00000363  SysCtlFlashSectorSizeGet          
00000389  SysCtlPeripheralPresent           
000003c9  SysCtlPeripheralReady             
00000409  SysCtlPeripheralPowerOn           
00000445  SysCtlPeripheralPowerOff          
00000481  SysCtlPeripheralReset             
00000509  SysCtlPeripheralEnable            
00000545  SysCtlPeripheralDisable           
00000589  SysCtlPeripheralSleepEnable       
000005cd  SysCtlPeripheralSleepDisable      
00000609  SysCtlPeripheralDeepSleepEnable   
00000659  SysCtlPeripheralDeepSleepDisable  
000006a1  SysCtlPeripheralClockGating       
000006f5  SysCtlIntRegister                 
0000070d  SysCtlIntUnregister               
0000071d  SysCtlIntEnable                   
00000731  SysCtlIntDisable                  
00000749  SysCtlIntClear                    
00000759  SysCtlIntStatus                   
00000775  SysCtlLDOSleepSet                 
00000785  SysCtlLDOSleepGet                 
0000078b  SysCtlLDODeepSleepSet             
0000079b  SysCtlLDODeepSleepGet             
000007a1  SysCtlSleepPowerSet               
000007b5  SysCtlDeepSleepPowerSet           
000007c5  SysCtlReset                       
000007cd  SysCtlSleep                       
000007d5  SysCtlDeepSleep                   
000007f1  SysCtlResetCauseGet               
000007f7  SysCtlResetCauseClear             
0000080b  SysCtlMOSCConfigSet               
00000821  SysCtlPIOSCCalibrate              
00000871  SysCtlResetBehaviorSet            
00000881  SysCtlResetBehaviorGet            
000008d1  SysCtlClockFreqSet                
00000bc9  SysCtlClockSet                    
00000d99  SysCtlClockGet                    
00000f3f  SysCtlDeepSleepClockSet           
00000f5d  SysCtlDeepSleepClockConfigSet     
00000fe7  SysCtlPWMClockSet                 
00001001  SysCtlPWMClockGet                 
00001017  SysCtlGPIOAHBEnable               
00001033  SysCtlGPIOAHBDisable              
0000104f  SysCtlUSBPLLEnable                
0000105b  SysCtlUSBPLLDisable               
0000106d  SysCtlVoltageEventConfig          
0000107d  SysCtlVoltageEventStatus          
00001089  SysCtlVoltageEventClear           
000010a1  SysCtlVCOGet                      
0000115d  SysCtlNMIStatus                   
00001171  SysCtlNMIClear                    
0000118d  SysCtlClockOutConfig              
000011a9  SysCtlAltClkConfig                
00001219  ADCIntRegister                    
0000124d  ADCIntUnregister                  
0000126b  ADCIntDisable                     
00001287  ADCIntEnable                      
000012b5  ADCIntStatus                      
0000130d  ADCIntClear                       
00001329  ADCSequenceEnable                 
00001349  ADCSequenceDisable                
0000136d  ADCSequenceConfigure              
00001409  ADCSequenceStepConfigure          
000014f7  ADCSequenceOverflow               
0000150f  ADCSequenceOverflowClear          
00001525  ADCSequenceUnderflow              
0000153d  ADCSequenceUnderflowClear         
00001553  ADCSequenceDataGet                
00001595  ADCProcessorTrigger               
000015b9  ADCSoftwareOversampleConfigure    
0000160b  ADCSoftwareOversampleStepConfigure
000016ed  ADCSoftwareOversampleDataGet      
00001781  ADCHardwareOversampleConfigure    
000017b3  ADCComparatorConfigure            
000017cf  ADCComparatorRegionSet            
000017f9  ADCComparatorReset                
0000183f  ADCComparatorIntDisable           
0000185d  ADCComparatorIntEnable            
00001881  ADCComparatorIntStatus            
00001895  ADCComparatorIntClear             
000018a7  ADCIntDisableEx                   
000018bf  ADCIntEnableEx                    
000018d7  ADCIntStatusEx                    
00001909  ADCIntClearEx                     
0000191b  ADCReferenceSet                   
00001937  ADCReferenceGet                   
00001949  ADCPhaseDelaySet                  
0000195b  ADCPhaseDelayGet                  
00001969  ADCSequenceDMAEnable              
00001985  ADCSequenceDMADisable             
000019a1  ADCBusy                           
000019bf  ADCClockConfigSet                 
000019e9  ADCClockConfigGet                 
00001a27  main                              
00001a57  ayar                              
00001ac9  IntDisable                        
00001b31  IntEnable                         
00001b99  __TI_auto_init_nobinit_nopinit    
00001bdd  IntRegister                       
00001c11  _c_int00_noargs                   
00001c45  __TI_zero_init_nomemset           
00001c61  IntUnregister                     
00001c75  ResetISR                          
00001c81  SysCtlDelay                       
00001c87  CPUwfi                            
00001c8b  _system_pre_init                  
00001c8f  C$$EXIT                           
00001c8f  abort                             
00001f20  __TI_Handler_Table_Base           
00001f24  __TI_CINIT_Base                   
00001f24  __TI_Handler_Table_Limit          
00001f34  __TI_CINIT_Limit                  
20000000  __start___llvm_prf_cnts           
20000000  __stop___llvm_prf_cnts            
20000000  g_pfnRAMVectors                   
20000270  __stack                           
20000470  __STACK_END                       
20000470  __STACK_TOP                       
ffffffff  __TI_pprof_out_hndl               
ffffffff  __TI_prof_data_size               
ffffffff  __TI_prof_data_start              
ffffffff  __binit__                         
ffffffff  __c_args__                        
ffffffff  binit                             
UNDEFED   __mpu_init                        
UNDEFED   _system_post_cinit                

[131 symbols]
