<?xml version="1.0" encoding="ISO-8859-1" ?>
<link_info>
   <banner>TI ARM Linker Unix v20.2.7.LTS</banner>
   <copyright>Copyright (c) 1996-2018 Texas Instruments Incorporated</copyright>
   <link_time>0x67801510</link_time>
   <link_errors>0x0</link_errors>
   <output_file>adc.out</output_file>
   <entry_point>
      <name>_c_int00_noargs</name>
      <address>0x1c11</address>
   </entry_point>
   <input_file_list>
      <input_file id="fl-1">
         <path>./</path>
         <kind>object</kind>
         <file>main.obj</file>
         <name>main.obj</name>
      </input_file>
      <input_file id="fl-2">
         <path>./</path>
         <kind>object</kind>
         <file>tm4c123gh6pm_startup_ccs.obj</file>
         <name>tm4c123gh6pm_startup_ccs.obj</name>
      </input_file>
      <input_file id="fl-7">
         <kind>object</kind>
         <file>&lt;internal&gt;</file>
         <name>&lt;internal&gt;</name>
      </input_file>
      <input_file id="fl-bd">
         <path>/Applications/ti/ccs1280/ccs/tools/compiler/ti-cgt-arm_20.2.7.LTS/lib/</path>
         <kind>archive</kind>
         <file>rtsv7M4_T_le_v4SPD16_eabi.lib</file>
         <name>copy_zero_init.c.obj</name>
      </input_file>
      <input_file id="fl-be">
         <path>/Applications/ti/ccs1280/ccs/tools/compiler/ti-cgt-arm_20.2.7.LTS/lib/</path>
         <kind>archive</kind>
         <file>rtsv7M4_T_le_v4SPD16_eabi.lib</file>
         <name>copy_decompress_none.c.obj</name>
      </input_file>
      <input_file id="fl-bf">
         <path>/Applications/ti/ccs1280/ccs/tools/compiler/ti-cgt-arm_20.2.7.LTS/lib/</path>
         <kind>archive</kind>
         <file>rtsv7M4_T_le_v4SPD16_eabi.lib</file>
         <name>copy_decompress_lzss.c.obj</name>
      </input_file>
      <input_file id="fl-c0">
         <path>/Applications/ti/ccs1280/ccs/tools/compiler/ti-cgt-arm_20.2.7.LTS/lib/</path>
         <kind>archive</kind>
         <file>rtsv7M4_T_le_v4SPD16_eabi.lib</file>
         <name>boot_cortex_m.c.obj</name>
      </input_file>
      <input_file id="fl-c1">
         <path>/Applications/ti/ccs1280/ccs/tools/compiler/ti-cgt-arm_20.2.7.LTS/lib/</path>
         <kind>archive</kind>
         <file>rtsv7M4_T_le_v4SPD16_eabi.lib</file>
         <name>memcpy_t2.asm.obj</name>
      </input_file>
      <input_file id="fl-c2">
         <path>/Applications/ti/ccs1280/ccs/tools/compiler/ti-cgt-arm_20.2.7.LTS/lib/</path>
         <kind>archive</kind>
         <file>rtsv7M4_T_le_v4SPD16_eabi.lib</file>
         <name>memset_t2.asm.obj</name>
      </input_file>
      <input_file id="fl-c3">
         <path>/Applications/ti/ccs1280/ccs/tools/compiler/ti-cgt-arm_20.2.7.LTS/lib/</path>
         <kind>archive</kind>
         <file>rtsv7M4_T_le_v4SPD16_eabi.lib</file>
         <name>autoinit.c.obj</name>
      </input_file>
      <input_file id="fl-c4">
         <path>/Applications/ti/ccs1280/ccs/tools/compiler/ti-cgt-arm_20.2.7.LTS/lib/</path>
         <kind>archive</kind>
         <file>rtsv7M4_T_le_v4SPD16_eabi.lib</file>
         <name>pre_init.c.obj</name>
      </input_file>
      <input_file id="fl-c5">
         <path>/Applications/ti/ccs1280/ccs/tools/compiler/ti-cgt-arm_20.2.7.LTS/lib/</path>
         <kind>archive</kind>
         <file>rtsv7M4_T_le_v4SPD16_eabi.lib</file>
         <name>cpy_tbl.c.obj</name>
      </input_file>
      <input_file id="fl-c6">
         <path>/Applications/ti/ccs1280/ccs/tools/compiler/ti-cgt-arm_20.2.7.LTS/lib/</path>
         <kind>archive</kind>
         <file>rtsv7M4_T_le_v4SPD16_eabi.lib</file>
         <name>exit.c.obj</name>
      </input_file>
      <input_file id="fl-c7">
         <path>/Applications/ti/ccs1280/ccs/tools/compiler/ti-cgt-arm_20.2.7.LTS/lib/</path>
         <kind>archive</kind>
         <file>rtsv7M4_T_le_v4SPD16_eabi.lib</file>
         <name>_lock.c.obj</name>
      </input_file>
      <input_file id="fl-c8">
         <path>/Applications/ti/ccs1280/ccs/tools/compiler/ti-cgt-arm_20.2.7.LTS/lib/</path>
         <kind>archive</kind>
         <file>rtsv7M4_T_le_v4SPD16_eabi.lib</file>
         <name>args_main.c.obj</name>
      </input_file>
      <input_file id="fl-c9">
         <path>/Applications/ti/SW-TM4C-2.2.0.295/driverlib/ccs/Debug/</path>
         <kind>archive</kind>
         <file>driverlib.lib</file>
         <name>cpu.obj</name>
      </input_file>
      <input_file id="fl-ca">
         <path>/Applications/ti/SW-TM4C-2.2.0.295/driverlib/ccs/Debug/</path>
         <kind>archive</kind>
         <file>driverlib.lib</file>
         <name>interrupt.obj</name>
      </input_file>
   </input_file_list>
   <object_component_list>
      <object_component id="oc-12">
         <name>.intvecs</name>
         <load_address>0x0</load_address>
         <run_address>0x0</run_address>
         <size>0x26c</size>
         <input_file_ref idref="fl-2"/>
      </object_component>
      <object_component id="oc-9b">
         <name>.text</name>
         <load_address>0x26c</load_address>
         <run_address>0x26c</run_address>
         <size>0x185c</size>
         <input_file_ref idref="fl-1"/>
      </object_component>
      <object_component id="oc-d7">
         <name>.text:IntDisable</name>
         <load_address>0x1ac8</load_address>
         <run_address>0x1ac8</run_address>
         <size>0x68</size>
         <input_file_ref idref="fl-ca"/>
      </object_component>
      <object_component id="oc-d1">
         <name>.text:IntEnable</name>
         <load_address>0x1b30</load_address>
         <run_address>0x1b30</run_address>
         <size>0x68</size>
         <input_file_ref idref="fl-ca"/>
      </object_component>
      <object_component id="oc-108">
         <name>.text:__TI_auto_init_nobinit_nopinit:__TI_auto_init_nobinit_nopinit</name>
         <load_address>0x1b98</load_address>
         <run_address>0x1b98</run_address>
         <size>0x44</size>
         <input_file_ref idref="fl-c3"/>
      </object_component>
      <object_component id="oc-cb">
         <name>.text:IntRegister</name>
         <load_address>0x1bdc</load_address>
         <run_address>0x1bdc</run_address>
         <size>0x34</size>
         <input_file_ref idref="fl-ca"/>
      </object_component>
      <object_component id="oc-59">
         <name>.text:_c_int00_noargs:_c_int00_noargs</name>
         <load_address>0x1c10</load_address>
         <run_address>0x1c10</run_address>
         <size>0x34</size>
         <input_file_ref idref="fl-c0"/>
      </object_component>
      <object_component id="oc-47">
         <name>.text:decompress:ZI:__TI_zero_init_nomemset:__TI_zero_init_nomemset</name>
         <load_address>0x1c44</load_address>
         <run_address>0x1c44</run_address>
         <size>0x1c</size>
         <input_file_ref idref="fl-bd"/>
      </object_component>
      <object_component id="oc-dd">
         <name>.text:IntUnregister</name>
         <load_address>0x1c60</load_address>
         <run_address>0x1c60</run_address>
         <size>0x14</size>
         <input_file_ref idref="fl-ca"/>
      </object_component>
      <object_component id="oc-27">
         <name>.text</name>
         <load_address>0x1c74</load_address>
         <run_address>0x1c74</run_address>
         <size>0xc</size>
         <input_file_ref idref="fl-2"/>
      </object_component>
      <object_component id="oc-f2">
         <name>.text:SysCtlDelay</name>
         <load_address>0x1c80</load_address>
         <run_address>0x1c80</run_address>
         <size>0x6</size>
         <input_file_ref idref="fl-1"/>
      </object_component>
      <object_component id="oc-e3">
         <name>.text:CPUwfi</name>
         <load_address>0x1c86</load_address>
         <run_address>0x1c86</run_address>
         <size>0x4</size>
         <input_file_ref idref="fl-c9"/>
      </object_component>
      <object_component id="oc-95">
         <name>.text:_system_pre_init</name>
         <load_address>0x1c8a</load_address>
         <run_address>0x1c8a</run_address>
         <size>0x4</size>
         <input_file_ref idref="fl-c4"/>
      </object_component>
      <object_component id="oc-fc">
         <name>.text:abort:abort</name>
         <load_address>0x1c8e</load_address>
         <run_address>0x1c8e</run_address>
         <size>0x4</size>
         <input_file_ref idref="fl-c6"/>
      </object_component>
      <object_component id="oc-154">
         <name>.text:_IntDefaultHandler</name>
         <load_address>0x1c92</load_address>
         <run_address>0x1c92</run_address>
         <size>0x2</size>
         <input_file_ref idref="fl-ca"/>
      </object_component>
      <object_component id="oc-ef">
         <name>.const:g_pppui32XTALtoVCO</name>
         <load_address>0x1c94</load_address>
         <run_address>0x1c94</run_address>
         <size>0x1b0</size>
         <input_file_ref idref="fl-1"/>
      </object_component>
      <object_component id="oc-e9">
         <name>.const:g_pui32Xtals</name>
         <load_address>0x1e44</load_address>
         <run_address>0x1e44</run_address>
         <size>0x6c</size>
         <input_file_ref idref="fl-1"/>
      </object_component>
      <object_component id="oc-c8">
         <name>.const:g_sXTALtoMEMTIM</name>
         <load_address>0x1eb0</load_address>
         <run_address>0x1eb0</run_address>
         <size>0x30</size>
         <input_file_ref idref="fl-1"/>
      </object_component>
      <object_component id="oc-150">
         <name>.const:g_pui32Dii16Regs</name>
         <load_address>0x1ee0</load_address>
         <run_address>0x1ee0</run_address>
         <size>0x14</size>
         <input_file_ref idref="fl-ca"/>
      </object_component>
      <object_component id="oc-14c">
         <name>.const:g_pui32EnRegs</name>
         <load_address>0x1ef4</load_address>
         <run_address>0x1ef4</run_address>
         <size>0x14</size>
         <input_file_ref idref="fl-ca"/>
      </object_component>
      <object_component id="oc-ec">
         <name>.const:g_pui32VCOFrequencies</name>
         <load_address>0x1f08</load_address>
         <run_address>0x1f08</run_address>
         <size>0x8</size>
         <input_file_ref idref="fl-1"/>
      </object_component>
      <object_component id="oc-1f6">
         <name>.cinit..bss.load</name>
         <load_address>0x1f10</load_address>
         <run_address>0x1f10</run_address>
         <size>0x8</size>
      </object_component>
      <object_component id="oc-1f5">
         <name>.cinit..vtable.load</name>
         <load_address>0x1f18</load_address>
         <run_address>0x1f18</run_address>
         <size>0x8</size>
      </object_component>
      <object_component id="oc-1f3">
         <name>__TI_handler_table</name>
         <load_address>0x1f20</load_address>
         <run_address>0x1f20</run_address>
         <size>0x4</size>
      </object_component>
      <object_component id="oc-1f4">
         <name>__TI_cinit_table</name>
         <load_address>0x1f24</load_address>
         <run_address>0x1f24</run_address>
         <size>0x10</size>
      </object_component>
      <object_component id="oc-142">
         <name>.vtable</name>
         <uninitialized>true</uninitialized>
         <run_address>0x20000000</run_address>
         <size>0x26c</size>
         <input_file_ref idref="fl-ca"/>
      </object_component>
      <object_component id="oc-f3">
         <name>.bss:g_pui8OversampleFactor</name>
         <uninitialized>true</uninitialized>
         <run_address>0x20000470</run_address>
         <size>0x8</size>
         <input_file_ref idref="fl-1"/>
      </object_component>
      <object_component id="oc-24">
         <name>.stack</name>
         <uninitialized>true</uninitialized>
         <run_address>0x20000270</run_address>
         <size>0x4</size>
         <input_file_ref idref="fl-c0"/>
      </object_component>
      <object_component id="oc-1f8">
         <name>.stack</name>
         <uninitialized>true</uninitialized>
         <run_address>0x20000270</run_address>
         <size>0x0</size>
      </object_component>
      <object_component id="oc-b7">
         <name>.debug_info</name>
         <load_address>0x0</load_address>
         <run_address>0x0</run_address>
         <size>0x3e3</size>
         <input_file_ref idref="fl-1"/>
      </object_component>
      <object_component id="oc-ea">
         <name>.debug_info</name>
         <load_address>0x3e3</load_address>
         <run_address>0x3e3</run_address>
         <size>0xdb</size>
         <input_file_ref idref="fl-1"/>
      </object_component>
      <object_component id="oc-f0">
         <name>.debug_info</name>
         <load_address>0x4be</load_address>
         <run_address>0x4be</run_address>
         <size>0xe7</size>
         <input_file_ref idref="fl-1"/>
      </object_component>
      <object_component id="oc-c9">
         <name>.debug_info</name>
         <load_address>0x5a5</load_address>
         <run_address>0x5a5</run_address>
         <size>0xe1</size>
         <input_file_ref idref="fl-1"/>
      </object_component>
      <object_component id="oc-ed">
         <name>.debug_info</name>
         <load_address>0x686</load_address>
         <run_address>0x686</run_address>
         <size>0xee</size>
         <input_file_ref idref="fl-1"/>
      </object_component>
      <object_component id="oc-f4">
         <name>.debug_info</name>
         <load_address>0x774</load_address>
         <run_address>0x774</run_address>
         <size>0xef</size>
         <input_file_ref idref="fl-1"/>
      </object_component>
      <object_component id="oc-9c">
         <name>.debug_info</name>
         <load_address>0x863</load_address>
         <run_address>0x863</run_address>
         <size>0x7018</size>
         <input_file_ref idref="fl-1"/>
      </object_component>
      <object_component id="oc-13c">
         <name>.debug_info</name>
         <load_address>0x787b</load_address>
         <run_address>0x787b</run_address>
         <size>0x51</size>
         <input_file_ref idref="fl-1"/>
      </object_component>
      <object_component id="oc-70">
         <name>.debug_info</name>
         <load_address>0x78cc</load_address>
         <run_address>0x78cc</run_address>
         <size>0x26b</size>
         <input_file_ref idref="fl-1"/>
      </object_component>
      <object_component id="oc-b2">
         <name>.debug_info</name>
         <load_address>0x7b37</load_address>
         <run_address>0x7b37</run_address>
         <size>0x8b</size>
         <input_file_ref idref="fl-1"/>
      </object_component>
      <object_component id="oc-ad">
         <name>.debug_info</name>
         <load_address>0x7bc2</load_address>
         <run_address>0x7bc2</run_address>
         <size>0x2a4</size>
         <input_file_ref idref="fl-1"/>
      </object_component>
      <object_component id="oc-f7">
         <name>.debug_info</name>
         <load_address>0x7e66</load_address>
         <run_address>0x7e66</run_address>
         <size>0xef</size>
         <input_file_ref idref="fl-1"/>
      </object_component>
      <object_component id="oc-75">
         <name>.debug_info</name>
         <load_address>0x7f55</load_address>
         <run_address>0x7f55</run_address>
         <size>0xbb</size>
         <input_file_ref idref="fl-1"/>
      </object_component>
      <object_component id="oc-2f">
         <name>.debug_info</name>
         <load_address>0x8010</load_address>
         <run_address>0x8010</run_address>
         <size>0x2b1</size>
         <input_file_ref idref="fl-2"/>
      </object_component>
      <object_component id="oc-13">
         <name>.debug_info</name>
         <load_address>0x82c1</load_address>
         <run_address>0x82c1</run_address>
         <size>0xf0</size>
         <input_file_ref idref="fl-2"/>
      </object_component>
      <object_component id="oc-28">
         <name>.debug_info</name>
         <load_address>0x83b1</load_address>
         <run_address>0x83b1</run_address>
         <size>0x26c</size>
         <input_file_ref idref="fl-2"/>
      </object_component>
      <object_component id="oc-36">
         <name>.debug_info</name>
         <load_address>0x861d</load_address>
         <run_address>0x861d</run_address>
         <size>0x84</size>
         <input_file_ref idref="fl-2"/>
      </object_component>
      <object_component id="oc-8e">
         <name>.debug_info</name>
         <load_address>0x86a1</load_address>
         <run_address>0x86a1</run_address>
         <size>0x2d4</size>
         <input_file_ref idref="fl-bd"/>
      </object_component>
      <object_component id="oc-48">
         <name>.debug_info</name>
         <load_address>0x8975</load_address>
         <run_address>0x8975</run_address>
         <size>0x1d2</size>
         <input_file_ref idref="fl-bd"/>
      </object_component>
      <object_component id="oc-89">
         <name>.debug_info</name>
         <load_address>0x8b47</load_address>
         <run_address>0x8b47</run_address>
         <size>0x46</size>
         <input_file_ref idref="fl-bd"/>
      </object_component>
      <object_component id="oc-bf">
         <name>.debug_info</name>
         <load_address>0x8b8d</load_address>
         <run_address>0x8b8d</run_address>
         <size>0x2c</size>
         <input_file_ref idref="fl-bd"/>
      </object_component>
      <object_component id="oc-25">
         <name>.debug_info</name>
         <load_address>0x8bb9</load_address>
         <run_address>0x8bb9</run_address>
         <size>0x10b</size>
         <input_file_ref idref="fl-c0"/>
      </object_component>
      <object_component id="oc-5d">
         <name>.debug_info</name>
         <load_address>0x8cc4</load_address>
         <run_address>0x8cc4</run_address>
         <size>0x1a9</size>
         <input_file_ref idref="fl-c0"/>
      </object_component>
      <object_component id="oc-16f">
         <name>.debug_info</name>
         <load_address>0x8e6d</load_address>
         <run_address>0x8e6d</run_address>
         <size>0x4b3</size>
         <input_file_ref idref="fl-c3"/>
      </object_component>
      <object_component id="oc-109">
         <name>.debug_info</name>
         <load_address>0x9320</load_address>
         <run_address>0x9320</run_address>
         <size>0x1a6</size>
         <input_file_ref idref="fl-c3"/>
      </object_component>
      <object_component id="oc-1a7">
         <name>.debug_info</name>
         <load_address>0x94c6</load_address>
         <run_address>0x94c6</run_address>
         <size>0x39</size>
         <input_file_ref idref="fl-c3"/>
      </object_component>
      <object_component id="oc-1bc">
         <name>.debug_info</name>
         <load_address>0x94ff</load_address>
         <run_address>0x94ff</run_address>
         <size>0x39</size>
         <input_file_ref idref="fl-c3"/>
      </object_component>
      <object_component id="oc-1ac">
         <name>.debug_info</name>
         <load_address>0x9538</load_address>
         <run_address>0x9538</run_address>
         <size>0x39</size>
         <input_file_ref idref="fl-c3"/>
      </object_component>
      <object_component id="oc-1b1">
         <name>.debug_info</name>
         <load_address>0x9571</load_address>
         <run_address>0x9571</run_address>
         <size>0xcd</size>
         <input_file_ref idref="fl-c3"/>
      </object_component>
      <object_component id="oc-99">
         <name>.debug_info</name>
         <load_address>0x963e</load_address>
         <run_address>0x963e</run_address>
         <size>0x153</size>
         <input_file_ref idref="fl-c4"/>
      </object_component>
      <object_component id="oc-fd">
         <name>.debug_info</name>
         <load_address>0x9791</load_address>
         <run_address>0x9791</run_address>
         <size>0x122</size>
         <input_file_ref idref="fl-c6"/>
      </object_component>
      <object_component id="oc-1b8">
         <name>.debug_info</name>
         <load_address>0x98b3</load_address>
         <run_address>0x98b3</run_address>
         <size>0x2d7</size>
         <input_file_ref idref="fl-c9"/>
      </object_component>
      <object_component id="oc-e5">
         <name>.debug_info</name>
         <load_address>0x9b8a</load_address>
         <run_address>0x9b8a</run_address>
         <size>0x213</size>
         <input_file_ref idref="fl-c9"/>
      </object_component>
      <object_component id="oc-18d">
         <name>.debug_info</name>
         <load_address>0x9d9d</load_address>
         <run_address>0x9d9d</run_address>
         <size>0x26b</size>
         <input_file_ref idref="fl-c9"/>
      </object_component>
      <object_component id="oc-186">
         <name>.debug_info</name>
         <load_address>0xa008</load_address>
         <run_address>0xa008</run_address>
         <size>0x297</size>
         <input_file_ref idref="fl-c9"/>
      </object_component>
      <object_component id="oc-146">
         <name>.debug_info</name>
         <load_address>0xa29f</load_address>
         <run_address>0xa29f</run_address>
         <size>0xbb</size>
         <input_file_ref idref="fl-c9"/>
      </object_component>
      <object_component id="oc-14b">
         <name>.debug_info</name>
         <load_address>0xa35a</load_address>
         <run_address>0xa35a</run_address>
         <size>0x3b7</size>
         <input_file_ref idref="fl-ca"/>
      </object_component>
      <object_component id="oc-14d">
         <name>.debug_info</name>
         <load_address>0xa711</load_address>
         <run_address>0xa711</run_address>
         <size>0x15b</size>
         <input_file_ref idref="fl-ca"/>
      </object_component>
      <object_component id="oc-151">
         <name>.debug_info</name>
         <load_address>0xa86c</load_address>
         <run_address>0xa86c</run_address>
         <size>0x161</size>
         <input_file_ref idref="fl-ca"/>
      </object_component>
      <object_component id="oc-143">
         <name>.debug_info</name>
         <load_address>0xa9cd</load_address>
         <run_address>0xa9cd</run_address>
         <size>0x160</size>
         <input_file_ref idref="fl-ca"/>
      </object_component>
      <object_component id="oc-155">
         <name>.debug_info</name>
         <load_address>0xab2d</load_address>
         <run_address>0xab2d</run_address>
         <size>0x22e</size>
         <input_file_ref idref="fl-ca"/>
      </object_component>
      <object_component id="oc-de">
         <name>.debug_info</name>
         <load_address>0xad5b</load_address>
         <run_address>0xad5b</run_address>
         <size>0x279</size>
         <input_file_ref idref="fl-ca"/>
      </object_component>
      <object_component id="oc-cc">
         <name>.debug_info</name>
         <load_address>0xafd4</load_address>
         <run_address>0xafd4</run_address>
         <size>0x2ca</size>
         <input_file_ref idref="fl-ca"/>
      </object_component>
      <object_component id="oc-d3">
         <name>.debug_info</name>
         <load_address>0xb29e</load_address>
         <run_address>0xb29e</run_address>
         <size>0x271</size>
         <input_file_ref idref="fl-ca"/>
      </object_component>
      <object_component id="oc-d9">
         <name>.debug_info</name>
         <load_address>0xb50f</load_address>
         <run_address>0xb50f</run_address>
         <size>0x273</size>
         <input_file_ref idref="fl-ca"/>
      </object_component>
      <object_component id="oc-1f9">
         <name>.debug_info</name>
         <load_address>0xb782</load_address>
         <run_address>0xb782</run_address>
         <size>0xa3</size>
      </object_component>
      <object_component id="oc-13b">
         <name>.debug_line</name>
         <load_address>0x0</load_address>
         <run_address>0x0</run_address>
         <size>0xcb</size>
         <input_file_ref idref="fl-1"/>
      </object_component>
      <object_component id="oc-15d">
         <name>.debug_line</name>
         <load_address>0xcb</load_address>
         <run_address>0xcb</run_address>
         <size>0x59</size>
         <input_file_ref idref="fl-1"/>
      </object_component>
      <object_component id="oc-161">
         <name>.debug_line</name>
         <load_address>0x124</load_address>
         <run_address>0x124</run_address>
         <size>0x59</size>
         <input_file_ref idref="fl-1"/>
      </object_component>
      <object_component id="oc-141">
         <name>.debug_line</name>
         <load_address>0x17d</load_address>
         <run_address>0x17d</run_address>
         <size>0x59</size>
         <input_file_ref idref="fl-1"/>
      </object_component>
      <object_component id="oc-15f">
         <name>.debug_line</name>
         <load_address>0x1d6</load_address>
         <run_address>0x1d6</run_address>
         <size>0x59</size>
         <input_file_ref idref="fl-1"/>
      </object_component>
      <object_component id="oc-163">
         <name>.debug_line</name>
         <load_address>0x22f</load_address>
         <run_address>0x22f</run_address>
         <size>0x56</size>
         <input_file_ref idref="fl-1"/>
      </object_component>
      <object_component id="oc-9f">
         <name>.debug_line</name>
         <load_address>0x285</load_address>
         <run_address>0x285</run_address>
         <size>0x106c</size>
         <input_file_ref idref="fl-1"/>
      </object_component>
      <object_component id="oc-13e">
         <name>.debug_line</name>
         <load_address>0x12f1</load_address>
         <run_address>0x12f1</run_address>
         <size>0x59</size>
         <input_file_ref idref="fl-1"/>
      </object_component>
      <object_component id="oc-73">
         <name>.debug_line</name>
         <load_address>0x134a</load_address>
         <run_address>0x134a</run_address>
         <size>0x7a</size>
         <input_file_ref idref="fl-1"/>
      </object_component>
      <object_component id="oc-b5">
         <name>.debug_line</name>
         <load_address>0x13c4</load_address>
         <run_address>0x13c4</run_address>
         <size>0x20</size>
         <input_file_ref idref="fl-1"/>
      </object_component>
      <object_component id="oc-b0">
         <name>.debug_line</name>
         <load_address>0x13e4</load_address>
         <run_address>0x13e4</run_address>
         <size>0x7e</size>
         <input_file_ref idref="fl-1"/>
      </object_component>
      <object_component id="oc-fa">
         <name>.debug_line</name>
         <load_address>0x1462</load_address>
         <run_address>0x1462</run_address>
         <size>0x7a</size>
         <input_file_ref idref="fl-1"/>
      </object_component>
      <object_component id="oc-78">
         <name>.debug_line</name>
         <load_address>0x14dc</load_address>
         <run_address>0x14dc</run_address>
         <size>0x7b</size>
         <input_file_ref idref="fl-1"/>
      </object_component>
      <object_component id="oc-6f">
         <name>.debug_line</name>
         <load_address>0x1557</load_address>
         <run_address>0x1557</run_address>
         <size>0x41</size>
         <input_file_ref idref="fl-2"/>
      </object_component>
      <object_component id="oc-2e">
         <name>.debug_line</name>
         <load_address>0x1598</load_address>
         <run_address>0x1598</run_address>
         <size>0x41</size>
         <input_file_ref idref="fl-2"/>
      </object_component>
      <object_component id="oc-2b">
         <name>.debug_line</name>
         <load_address>0x15d9</load_address>
         <run_address>0x15d9</run_address>
         <size>0xa1</size>
         <input_file_ref idref="fl-2"/>
      </object_component>
      <object_component id="oc-39">
         <name>.debug_line</name>
         <load_address>0x167a</load_address>
         <run_address>0x167a</run_address>
         <size>0x20</size>
         <input_file_ref idref="fl-2"/>
      </object_component>
      <object_component id="oc-c5">
         <name>.debug_line</name>
         <load_address>0x169a</load_address>
         <run_address>0x169a</run_address>
         <size>0x92</size>
         <input_file_ref idref="fl-bd"/>
      </object_component>
      <object_component id="oc-4c">
         <name>.debug_line</name>
         <load_address>0x172c</load_address>
         <run_address>0x172c</run_address>
         <size>0x4c</size>
         <input_file_ref idref="fl-bd"/>
      </object_component>
      <object_component id="oc-8c">
         <name>.debug_line</name>
         <load_address>0x1778</load_address>
         <run_address>0x1778</run_address>
         <size>0x34</size>
         <input_file_ref idref="fl-bd"/>
      </object_component>
      <object_component id="oc-c2">
         <name>.debug_line</name>
         <load_address>0x17ac</load_address>
         <run_address>0x17ac</run_address>
         <size>0x92</size>
         <input_file_ref idref="fl-bd"/>
      </object_component>
      <object_component id="oc-6c">
         <name>.debug_line</name>
         <load_address>0x183e</load_address>
         <run_address>0x183e</run_address>
         <size>0x33</size>
         <input_file_ref idref="fl-c0"/>
      </object_component>
      <object_component id="oc-5a">
         <name>.debug_line</name>
         <load_address>0x1871</load_address>
         <run_address>0x1871</run_address>
         <size>0x45</size>
         <input_file_ref idref="fl-c0"/>
      </object_component>
      <object_component id="oc-1a6">
         <name>.debug_line</name>
         <load_address>0x18b6</load_address>
         <run_address>0x18b6</run_address>
         <size>0xbf</size>
         <input_file_ref idref="fl-c3"/>
      </object_component>
      <object_component id="oc-10c">
         <name>.debug_line</name>
         <load_address>0x1975</load_address>
         <run_address>0x1975</run_address>
         <size>0x6f</size>
         <input_file_ref idref="fl-c3"/>
      </object_component>
      <object_component id="oc-1aa">
         <name>.debug_line</name>
         <load_address>0x19e4</load_address>
         <run_address>0x19e4</run_address>
         <size>0x2e</size>
         <input_file_ref idref="fl-c3"/>
      </object_component>
      <object_component id="oc-1bf">
         <name>.debug_line</name>
         <load_address>0x1a12</load_address>
         <run_address>0x1a12</run_address>
         <size>0x9a</size>
         <input_file_ref idref="fl-c3"/>
      </object_component>
      <object_component id="oc-1af">
         <name>.debug_line</name>
         <load_address>0x1aac</load_address>
         <run_address>0x1aac</run_address>
         <size>0x97</size>
         <input_file_ref idref="fl-c3"/>
      </object_component>
      <object_component id="oc-1b4">
         <name>.debug_line</name>
         <load_address>0x1b43</load_address>
         <run_address>0x1b43</run_address>
         <size>0x93</size>
         <input_file_ref idref="fl-c3"/>
      </object_component>
      <object_component id="oc-98">
         <name>.debug_line</name>
         <load_address>0x1bd6</load_address>
         <run_address>0x1bd6</run_address>
         <size>0x40</size>
         <input_file_ref idref="fl-c4"/>
      </object_component>
      <object_component id="oc-100">
         <name>.debug_line</name>
         <load_address>0x1c16</load_address>
         <run_address>0x1c16</run_address>
         <size>0x3c</size>
         <input_file_ref idref="fl-c6"/>
      </object_component>
      <object_component id="oc-1c9">
         <name>.debug_line</name>
         <load_address>0x1c52</load_address>
         <run_address>0x1c52</run_address>
         <size>0x20</size>
         <input_file_ref idref="fl-c9"/>
      </object_component>
      <object_component id="oc-e7">
         <name>.debug_line</name>
         <load_address>0x1c72</load_address>
         <run_address>0x1c72</run_address>
         <size>0x8e</size>
         <input_file_ref idref="fl-c9"/>
      </object_component>
      <object_component id="oc-190">
         <name>.debug_line</name>
         <load_address>0x1d00</load_address>
         <run_address>0x1d00</run_address>
         <size>0x71</size>
         <input_file_ref idref="fl-c9"/>
      </object_component>
      <object_component id="oc-189">
         <name>.debug_line</name>
         <load_address>0x1d71</load_address>
         <run_address>0x1d71</run_address>
         <size>0x75</size>
         <input_file_ref idref="fl-c9"/>
      </object_component>
      <object_component id="oc-149">
         <name>.debug_line</name>
         <load_address>0x1de6</load_address>
         <run_address>0x1de6</run_address>
         <size>0x72</size>
         <input_file_ref idref="fl-c9"/>
      </object_component>
      <object_component id="oc-18c">
         <name>.debug_line</name>
         <load_address>0x1e58</load_address>
         <run_address>0x1e58</run_address>
         <size>0x7c</size>
         <input_file_ref idref="fl-ca"/>
      </object_component>
      <object_component id="oc-193">
         <name>.debug_line</name>
         <load_address>0x1ed4</load_address>
         <run_address>0x1ed4</run_address>
         <size>0x82</size>
         <input_file_ref idref="fl-ca"/>
      </object_component>
      <object_component id="oc-195">
         <name>.debug_line</name>
         <load_address>0x1f56</load_address>
         <run_address>0x1f56</run_address>
         <size>0x82</size>
         <input_file_ref idref="fl-ca"/>
      </object_component>
      <object_component id="oc-185">
         <name>.debug_line</name>
         <load_address>0x1fd8</load_address>
         <run_address>0x1fd8</run_address>
         <size>0x82</size>
         <input_file_ref idref="fl-ca"/>
      </object_component>
      <object_component id="oc-158">
         <name>.debug_line</name>
         <load_address>0x205a</load_address>
         <run_address>0x205a</run_address>
         <size>0x97</size>
         <input_file_ref idref="fl-ca"/>
      </object_component>
      <object_component id="oc-e1">
         <name>.debug_line</name>
         <load_address>0x20f1</load_address>
         <run_address>0x20f1</run_address>
         <size>0x97</size>
         <input_file_ref idref="fl-ca"/>
      </object_component>
      <object_component id="oc-cf">
         <name>.debug_line</name>
         <load_address>0x2188</load_address>
         <run_address>0x2188</run_address>
         <size>0xaf</size>
         <input_file_ref idref="fl-ca"/>
      </object_component>
      <object_component id="oc-d5">
         <name>.debug_line</name>
         <load_address>0x2237</load_address>
         <run_address>0x2237</run_address>
         <size>0xc2</size>
         <input_file_ref idref="fl-ca"/>
      </object_component>
      <object_component id="oc-db">
         <name>.debug_line</name>
         <load_address>0x22f9</load_address>
         <run_address>0x22f9</run_address>
         <size>0xc2</size>
         <input_file_ref idref="fl-ca"/>
      </object_component>
      <object_component id="oc-a0">
         <name>.debug_frame</name>
         <load_address>0x0</load_address>
         <run_address>0x0</run_address>
         <size>0x9f0</size>
         <input_file_ref idref="fl-1"/>
      </object_component>
      <object_component id="oc-2c">
         <name>.debug_frame</name>
         <load_address>0x9f0</load_address>
         <run_address>0x9f0</run_address>
         <size>0x90</size>
         <input_file_ref idref="fl-2"/>
      </object_component>
      <object_component id="oc-4b">
         <name>.debug_frame</name>
         <load_address>0xa80</load_address>
         <run_address>0xa80</run_address>
         <size>0x54</size>
         <input_file_ref idref="fl-bd"/>
      </object_component>
      <object_component id="oc-5b">
         <name>.debug_frame</name>
         <load_address>0xad4</load_address>
         <run_address>0xad4</run_address>
         <size>0x50</size>
         <input_file_ref idref="fl-c0"/>
      </object_component>
      <object_component id="oc-10d">
         <name>.debug_frame</name>
         <load_address>0xb24</load_address>
         <run_address>0xb24</run_address>
         <size>0x5c</size>
         <input_file_ref idref="fl-c3"/>
      </object_component>
      <object_component id="oc-96">
         <name>.debug_frame</name>
         <load_address>0xb80</load_address>
         <run_address>0xb80</run_address>
         <size>0x54</size>
         <input_file_ref idref="fl-c4"/>
      </object_component>
      <object_component id="oc-101">
         <name>.debug_frame</name>
         <load_address>0xbd4</load_address>
         <run_address>0xbd4</run_address>
         <size>0x54</size>
         <input_file_ref idref="fl-c6"/>
      </object_component>
      <object_component id="oc-e8">
         <name>.debug_frame</name>
         <load_address>0xc28</load_address>
         <run_address>0xc28</run_address>
         <size>0x54</size>
         <input_file_ref idref="fl-c9"/>
      </object_component>
      <object_component id="oc-159">
         <name>.debug_frame</name>
         <load_address>0xc7c</load_address>
         <run_address>0xc7c</run_address>
         <size>0x54</size>
         <input_file_ref idref="fl-ca"/>
      </object_component>
      <object_component id="oc-e2">
         <name>.debug_frame</name>
         <load_address>0xcd0</load_address>
         <run_address>0xcd0</run_address>
         <size>0x54</size>
         <input_file_ref idref="fl-ca"/>
      </object_component>
      <object_component id="oc-d0">
         <name>.debug_frame</name>
         <load_address>0xd24</load_address>
         <run_address>0xd24</run_address>
         <size>0x60</size>
         <input_file_ref idref="fl-ca"/>
      </object_component>
      <object_component id="oc-d6">
         <name>.debug_frame</name>
         <load_address>0xd84</load_address>
         <run_address>0xd84</run_address>
         <size>0x54</size>
         <input_file_ref idref="fl-ca"/>
      </object_component>
      <object_component id="oc-dc">
         <name>.debug_frame</name>
         <load_address>0xdd8</load_address>
         <run_address>0xdd8</run_address>
         <size>0x54</size>
         <input_file_ref idref="fl-ca"/>
      </object_component>
      <object_component id="oc-13a">
         <name>.debug_abbrev</name>
         <load_address>0x0</load_address>
         <run_address>0x0</run_address>
         <size>0xc1</size>
         <input_file_ref idref="fl-1"/>
      </object_component>
      <object_component id="oc-15c">
         <name>.debug_abbrev</name>
         <load_address>0xc1</load_address>
         <run_address>0xc1</run_address>
         <size>0x27</size>
         <input_file_ref idref="fl-1"/>
      </object_component>
      <object_component id="oc-160">
         <name>.debug_abbrev</name>
         <load_address>0xe8</load_address>
         <run_address>0xe8</run_address>
         <size>0x27</size>
         <input_file_ref idref="fl-1"/>
      </object_component>
      <object_component id="oc-140">
         <name>.debug_abbrev</name>
         <load_address>0x10f</load_address>
         <run_address>0x10f</run_address>
         <size>0x27</size>
         <input_file_ref idref="fl-1"/>
      </object_component>
      <object_component id="oc-15e">
         <name>.debug_abbrev</name>
         <load_address>0x136</load_address>
         <run_address>0x136</run_address>
         <size>0x27</size>
         <input_file_ref idref="fl-1"/>
      </object_component>
      <object_component id="oc-162">
         <name>.debug_abbrev</name>
         <load_address>0x15d</load_address>
         <run_address>0x15d</run_address>
         <size>0x27</size>
         <input_file_ref idref="fl-1"/>
      </object_component>
      <object_component id="oc-f6">
         <name>.debug_abbrev</name>
         <load_address>0x184</load_address>
         <run_address>0x184</run_address>
         <size>0x1b7</size>
         <input_file_ref idref="fl-1"/>
      </object_component>
      <object_component id="oc-13d">
         <name>.debug_abbrev</name>
         <load_address>0x33b</load_address>
         <run_address>0x33b</run_address>
         <size>0x38</size>
         <input_file_ref idref="fl-1"/>
      </object_component>
      <object_component id="oc-72">
         <name>.debug_abbrev</name>
         <load_address>0x373</load_address>
         <run_address>0x373</run_address>
         <size>0x69</size>
         <input_file_ref idref="fl-1"/>
      </object_component>
      <object_component id="oc-b4">
         <name>.debug_abbrev</name>
         <load_address>0x3dc</load_address>
         <run_address>0x3dc</run_address>
         <size>0x1f</size>
         <input_file_ref idref="fl-1"/>
      </object_component>
      <object_component id="oc-af">
         <name>.debug_abbrev</name>
         <load_address>0x3fb</load_address>
         <run_address>0x3fb</run_address>
         <size>0x5c</size>
         <input_file_ref idref="fl-1"/>
      </object_component>
      <object_component id="oc-f9">
         <name>.debug_abbrev</name>
         <load_address>0x457</load_address>
         <run_address>0x457</run_address>
         <size>0x24</size>
         <input_file_ref idref="fl-1"/>
      </object_component>
      <object_component id="oc-77">
         <name>.debug_abbrev</name>
         <load_address>0x47b</load_address>
         <run_address>0x47b</run_address>
         <size>0x24</size>
         <input_file_ref idref="fl-1"/>
      </object_component>
      <object_component id="oc-6e">
         <name>.debug_abbrev</name>
         <load_address>0x49f</load_address>
         <run_address>0x49f</run_address>
         <size>0x68</size>
         <input_file_ref idref="fl-2"/>
      </object_component>
      <object_component id="oc-2d">
         <name>.debug_abbrev</name>
         <load_address>0x507</load_address>
         <run_address>0x507</run_address>
         <size>0x29</size>
         <input_file_ref idref="fl-2"/>
      </object_component>
      <object_component id="oc-6d">
         <name>.debug_abbrev</name>
         <load_address>0x530</load_address>
         <run_address>0x530</run_address>
         <size>0x79</size>
         <input_file_ref idref="fl-2"/>
      </object_component>
      <object_component id="oc-38">
         <name>.debug_abbrev</name>
         <load_address>0x5a9</load_address>
         <run_address>0x5a9</run_address>
         <size>0x1f</size>
         <input_file_ref idref="fl-2"/>
      </object_component>
      <object_component id="oc-c4">
         <name>.debug_abbrev</name>
         <load_address>0x5c8</load_address>
         <run_address>0x5c8</run_address>
         <size>0x5d</size>
         <input_file_ref idref="fl-bd"/>
      </object_component>
      <object_component id="oc-88">
         <name>.debug_abbrev</name>
         <load_address>0x625</load_address>
         <run_address>0x625</run_address>
         <size>0x6f</size>
         <input_file_ref idref="fl-bd"/>
      </object_component>
      <object_component id="oc-8b">
         <name>.debug_abbrev</name>
         <load_address>0x694</load_address>
         <run_address>0x694</run_address>
         <size>0x24</size>
         <input_file_ref idref="fl-bd"/>
      </object_component>
      <object_component id="oc-c1">
         <name>.debug_abbrev</name>
         <load_address>0x6b8</load_address>
         <run_address>0x6b8</run_address>
         <size>0x24</size>
         <input_file_ref idref="fl-bd"/>
      </object_component>
      <object_component id="oc-6b">
         <name>.debug_abbrev</name>
         <load_address>0x6dc</load_address>
         <run_address>0x6dc</run_address>
         <size>0x29</size>
         <input_file_ref idref="fl-c0"/>
      </object_component>
      <object_component id="oc-a4">
         <name>.debug_abbrev</name>
         <load_address>0x705</load_address>
         <run_address>0x705</run_address>
         <size>0x55</size>
         <input_file_ref idref="fl-c0"/>
      </object_component>
      <object_component id="oc-1a5">
         <name>.debug_abbrev</name>
         <load_address>0x75a</load_address>
         <run_address>0x75a</run_address>
         <size>0xc0</size>
         <input_file_ref idref="fl-c3"/>
      </object_component>
      <object_component id="oc-16e">
         <name>.debug_abbrev</name>
         <load_address>0x81a</load_address>
         <run_address>0x81a</run_address>
         <size>0x7e</size>
         <input_file_ref idref="fl-c3"/>
      </object_component>
      <object_component id="oc-1a9">
         <name>.debug_abbrev</name>
         <load_address>0x898</load_address>
         <run_address>0x898</run_address>
         <size>0x24</size>
         <input_file_ref idref="fl-c3"/>
      </object_component>
      <object_component id="oc-1be">
         <name>.debug_abbrev</name>
         <load_address>0x8bc</load_address>
         <run_address>0x8bc</run_address>
         <size>0x24</size>
         <input_file_ref idref="fl-c3"/>
      </object_component>
      <object_component id="oc-1ae">
         <name>.debug_abbrev</name>
         <load_address>0x8e0</load_address>
         <run_address>0x8e0</run_address>
         <size>0x24</size>
         <input_file_ref idref="fl-c3"/>
      </object_component>
      <object_component id="oc-1b3">
         <name>.debug_abbrev</name>
         <load_address>0x904</load_address>
         <run_address>0x904</run_address>
         <size>0x4b</size>
         <input_file_ref idref="fl-c3"/>
      </object_component>
      <object_component id="oc-c7">
         <name>.debug_abbrev</name>
         <load_address>0x94f</load_address>
         <run_address>0x94f</run_address>
         <size>0x55</size>
         <input_file_ref idref="fl-c4"/>
      </object_component>
      <object_component id="oc-164">
         <name>.debug_abbrev</name>
         <load_address>0x9a4</load_address>
         <run_address>0x9a4</run_address>
         <size>0x45</size>
         <input_file_ref idref="fl-c6"/>
      </object_component>
      <object_component id="oc-1c8">
         <name>.debug_abbrev</name>
         <load_address>0x9e9</load_address>
         <run_address>0x9e9</run_address>
         <size>0x27</size>
         <input_file_ref idref="fl-c9"/>
      </object_component>
      <object_component id="oc-15b">
         <name>.debug_abbrev</name>
         <load_address>0xa10</load_address>
         <run_address>0xa10</run_address>
         <size>0x50</size>
         <input_file_ref idref="fl-c9"/>
      </object_component>
      <object_component id="oc-18f">
         <name>.debug_abbrev</name>
         <load_address>0xa60</load_address>
         <run_address>0xa60</run_address>
         <size>0x69</size>
         <input_file_ref idref="fl-c9"/>
      </object_component>
      <object_component id="oc-188">
         <name>.debug_abbrev</name>
         <load_address>0xac9</load_address>
         <run_address>0xac9</run_address>
         <size>0x5c</size>
         <input_file_ref idref="fl-c9"/>
      </object_component>
      <object_component id="oc-148">
         <name>.debug_abbrev</name>
         <load_address>0xb25</load_address>
         <run_address>0xb25</run_address>
         <size>0x24</size>
         <input_file_ref idref="fl-c9"/>
      </object_component>
      <object_component id="oc-18b">
         <name>.debug_abbrev</name>
         <load_address>0xb49</load_address>
         <run_address>0xb49</run_address>
         <size>0x99</size>
         <input_file_ref idref="fl-ca"/>
      </object_component>
      <object_component id="oc-192">
         <name>.debug_abbrev</name>
         <load_address>0xbe2</load_address>
         <run_address>0xbe2</run_address>
         <size>0x27</size>
         <input_file_ref idref="fl-ca"/>
      </object_component>
      <object_component id="oc-194">
         <name>.debug_abbrev</name>
         <load_address>0xc09</load_address>
         <run_address>0xc09</run_address>
         <size>0x27</size>
         <input_file_ref idref="fl-ca"/>
      </object_component>
      <object_component id="oc-184">
         <name>.debug_abbrev</name>
         <load_address>0xc30</load_address>
         <run_address>0xc30</run_address>
         <size>0x29</size>
         <input_file_ref idref="fl-ca"/>
      </object_component>
      <object_component id="oc-196">
         <name>.debug_abbrev</name>
         <load_address>0xc59</load_address>
         <run_address>0xc59</run_address>
         <size>0x40</size>
         <input_file_ref idref="fl-ca"/>
      </object_component>
      <object_component id="oc-15a">
         <name>.debug_abbrev</name>
         <load_address>0xc99</load_address>
         <run_address>0xc99</run_address>
         <size>0x6c</size>
         <input_file_ref idref="fl-ca"/>
      </object_component>
      <object_component id="oc-145">
         <name>.debug_abbrev</name>
         <load_address>0xd05</load_address>
         <run_address>0xd05</run_address>
         <size>0x6c</size>
         <input_file_ref idref="fl-ca"/>
      </object_component>
      <object_component id="oc-14f">
         <name>.debug_abbrev</name>
         <load_address>0xd71</load_address>
         <run_address>0xd71</run_address>
         <size>0x6c</size>
         <input_file_ref idref="fl-ca"/>
      </object_component>
      <object_component id="oc-153">
         <name>.debug_abbrev</name>
         <load_address>0xddd</load_address>
         <run_address>0xddd</run_address>
         <size>0x6c</size>
         <input_file_ref idref="fl-ca"/>
      </object_component>
      <object_component id="oc-1fa">
         <name>.debug_abbrev</name>
         <load_address>0xe49</load_address>
         <run_address>0xe49</run_address>
         <size>0xf</size>
      </object_component>
      <object_component id="oc-13f">
         <name>.debug_str</name>
         <load_address>0x0</load_address>
         <run_address>0x0</run_address>
         <size>0xe9</size>
         <input_file_ref idref="fl-1"/>
      </object_component>
      <object_component id="oc-74">
         <name>.debug_str</name>
         <load_address>0xe9</load_address>
         <run_address>0xe9</run_address>
         <size>0x2bf</size>
         <input_file_ref idref="fl-1"/>
      </object_component>
      <object_component id="oc-b6">
         <name>.debug_str</name>
         <load_address>0x3a8</load_address>
         <run_address>0x3a8</run_address>
         <size>0xff</size>
         <input_file_ref idref="fl-1"/>
      </object_component>
      <object_component id="oc-b1">
         <name>.debug_str</name>
         <load_address>0x4a7</load_address>
         <run_address>0x4a7</run_address>
         <size>0x355</size>
         <input_file_ref idref="fl-1"/>
      </object_component>
      <object_component id="oc-fb">
         <name>.debug_str</name>
         <load_address>0x7fc</load_address>
         <run_address>0x7fc</run_address>
         <size>0x1ca</size>
         <input_file_ref idref="fl-1"/>
      </object_component>
      <object_component id="oc-79">
         <name>.debug_str</name>
         <load_address>0x9c6</load_address>
         <run_address>0x9c6</run_address>
         <size>0x157</size>
         <input_file_ref idref="fl-1"/>
      </object_component>
      <object_component id="oc-3a">
         <name>.debug_str</name>
         <load_address>0xb1d</load_address>
         <run_address>0xb1d</run_address>
         <size>0xff</size>
         <input_file_ref idref="fl-2"/>
      </object_component>
      <object_component id="oc-8d">
         <name>.debug_str</name>
         <load_address>0xc1c</load_address>
         <run_address>0xc1c</run_address>
         <size>0x105</size>
         <input_file_ref idref="fl-bd"/>
      </object_component>
      <object_component id="oc-c3">
         <name>.debug_str</name>
         <load_address>0xd21</load_address>
         <run_address>0xd21</run_address>
         <size>0x140</size>
         <input_file_ref idref="fl-bd"/>
      </object_component>
      <object_component id="oc-1ab">
         <name>.debug_str</name>
         <load_address>0xe61</load_address>
         <run_address>0xe61</run_address>
         <size>0xed</size>
         <input_file_ref idref="fl-c3"/>
      </object_component>
      <object_component id="oc-1c0">
         <name>.debug_str</name>
         <load_address>0xf4e</load_address>
         <run_address>0xf4e</run_address>
         <size>0x157</size>
         <input_file_ref idref="fl-c3"/>
      </object_component>
      <object_component id="oc-1b0">
         <name>.debug_str</name>
         <load_address>0x10a5</load_address>
         <run_address>0x10a5</run_address>
         <size>0x150</size>
         <input_file_ref idref="fl-c3"/>
      </object_component>
      <object_component id="oc-1b5">
         <name>.debug_str</name>
         <load_address>0x11f5</load_address>
         <run_address>0x11f5</run_address>
         <size>0x197</size>
         <input_file_ref idref="fl-c3"/>
      </object_component>
      <object_component id="oc-191">
         <name>.debug_str</name>
         <load_address>0x138c</load_address>
         <run_address>0x138c</run_address>
         <size>0x2df</size>
         <input_file_ref idref="fl-c9"/>
      </object_component>
      <object_component id="oc-18a">
         <name>.debug_str</name>
         <load_address>0x166b</load_address>
         <run_address>0x166b</run_address>
         <size>0x36e</size>
         <input_file_ref idref="fl-c9"/>
      </object_component>
      <object_component id="oc-14a">
         <name>.debug_str</name>
         <load_address>0x19d9</load_address>
         <run_address>0x19d9</run_address>
         <size>0x177</size>
         <input_file_ref idref="fl-c9"/>
      </object_component>
      <object_component id="oc-9d">
         <name>.debug_aranges</name>
         <load_address>0x0</load_address>
         <run_address>0x0</run_address>
         <size>0x338</size>
         <input_file_ref idref="fl-1"/>
      </object_component>
      <object_component id="oc-29">
         <name>.debug_aranges</name>
         <load_address>0x338</load_address>
         <run_address>0x338</run_address>
         <size>0x38</size>
         <input_file_ref idref="fl-2"/>
      </object_component>
      <object_component id="oc-4a">
         <name>.debug_aranges</name>
         <load_address>0x370</load_address>
         <run_address>0x370</run_address>
         <size>0x20</size>
         <input_file_ref idref="fl-bd"/>
      </object_component>
      <object_component id="oc-5c">
         <name>.debug_aranges</name>
         <load_address>0x390</load_address>
         <run_address>0x390</run_address>
         <size>0x20</size>
         <input_file_ref idref="fl-c0"/>
      </object_component>
      <object_component id="oc-10a">
         <name>.debug_aranges</name>
         <load_address>0x3b0</load_address>
         <run_address>0x3b0</run_address>
         <size>0x20</size>
         <input_file_ref idref="fl-c3"/>
      </object_component>
      <object_component id="oc-97">
         <name>.debug_aranges</name>
         <load_address>0x3d0</load_address>
         <run_address>0x3d0</run_address>
         <size>0x20</size>
         <input_file_ref idref="fl-c4"/>
      </object_component>
      <object_component id="oc-fe">
         <name>.debug_aranges</name>
         <load_address>0x3f0</load_address>
         <run_address>0x3f0</run_address>
         <size>0x20</size>
         <input_file_ref idref="fl-c6"/>
      </object_component>
      <object_component id="oc-e4">
         <name>.debug_aranges</name>
         <load_address>0x410</load_address>
         <run_address>0x410</run_address>
         <size>0x20</size>
         <input_file_ref idref="fl-c9"/>
      </object_component>
      <object_component id="oc-157">
         <name>.debug_aranges</name>
         <load_address>0x430</load_address>
         <run_address>0x430</run_address>
         <size>0x20</size>
         <input_file_ref idref="fl-ca"/>
      </object_component>
      <object_component id="oc-e0">
         <name>.debug_aranges</name>
         <load_address>0x450</load_address>
         <run_address>0x450</run_address>
         <size>0x20</size>
         <input_file_ref idref="fl-ca"/>
      </object_component>
      <object_component id="oc-ce">
         <name>.debug_aranges</name>
         <load_address>0x470</load_address>
         <run_address>0x470</run_address>
         <size>0x20</size>
         <input_file_ref idref="fl-ca"/>
      </object_component>
      <object_component id="oc-d2">
         <name>.debug_aranges</name>
         <load_address>0x490</load_address>
         <run_address>0x490</run_address>
         <size>0x20</size>
         <input_file_ref idref="fl-ca"/>
      </object_component>
      <object_component id="oc-d8">
         <name>.debug_aranges</name>
         <load_address>0x4b0</load_address>
         <run_address>0x4b0</run_address>
         <size>0x20</size>
         <input_file_ref idref="fl-ca"/>
      </object_component>
      <object_component id="oc-eb">
         <name>.debug_pubnames</name>
         <load_address>0x0</load_address>
         <run_address>0x0</run_address>
         <size>0x23</size>
         <input_file_ref idref="fl-1"/>
      </object_component>
      <object_component id="oc-f1">
         <name>.debug_pubnames</name>
         <load_address>0x23</load_address>
         <run_address>0x23</run_address>
         <size>0x29</size>
         <input_file_ref idref="fl-1"/>
      </object_component>
      <object_component id="oc-ca">
         <name>.debug_pubnames</name>
         <load_address>0x4c</load_address>
         <run_address>0x4c</run_address>
         <size>0x26</size>
         <input_file_ref idref="fl-1"/>
      </object_component>
      <object_component id="oc-ee">
         <name>.debug_pubnames</name>
         <load_address>0x72</load_address>
         <run_address>0x72</run_address>
         <size>0x2c</size>
         <input_file_ref idref="fl-1"/>
      </object_component>
      <object_component id="oc-f5">
         <name>.debug_pubnames</name>
         <load_address>0x9e</load_address>
         <run_address>0x9e</run_address>
         <size>0x2d</size>
         <input_file_ref idref="fl-1"/>
      </object_component>
      <object_component id="oc-9e">
         <name>.debug_pubnames</name>
         <load_address>0xcb</load_address>
         <run_address>0xcb</run_address>
         <size>0x97b</size>
         <input_file_ref idref="fl-1"/>
      </object_component>
      <object_component id="oc-14">
         <name>.debug_pubnames</name>
         <load_address>0xa46</load_address>
         <run_address>0xa46</run_address>
         <size>0x23</size>
         <input_file_ref idref="fl-2"/>
      </object_component>
      <object_component id="oc-2a">
         <name>.debug_pubnames</name>
         <load_address>0xa69</load_address>
         <run_address>0xa69</run_address>
         <size>0x4c</size>
         <input_file_ref idref="fl-2"/>
      </object_component>
      <object_component id="oc-49">
         <name>.debug_pubnames</name>
         <load_address>0xab5</load_address>
         <run_address>0xab5</run_address>
         <size>0x2e</size>
         <input_file_ref idref="fl-bd"/>
      </object_component>
      <object_component id="oc-26">
         <name>.debug_pubnames</name>
         <load_address>0xae3</load_address>
         <run_address>0xae3</run_address>
         <size>0x1e</size>
         <input_file_ref idref="fl-c0"/>
      </object_component>
      <object_component id="oc-5e">
         <name>.debug_pubnames</name>
         <load_address>0xb01</load_address>
         <run_address>0xb01</run_address>
         <size>0x26</size>
         <input_file_ref idref="fl-c0"/>
      </object_component>
      <object_component id="oc-10b">
         <name>.debug_pubnames</name>
         <load_address>0xb27</load_address>
         <run_address>0xb27</run_address>
         <size>0x35</size>
         <input_file_ref idref="fl-c3"/>
      </object_component>
      <object_component id="oc-9a">
         <name>.debug_pubnames</name>
         <load_address>0xb5c</load_address>
         <run_address>0xb5c</run_address>
         <size>0x27</size>
         <input_file_ref idref="fl-c4"/>
      </object_component>
      <object_component id="oc-ff">
         <name>.debug_pubnames</name>
         <load_address>0xb83</load_address>
         <run_address>0xb83</run_address>
         <size>0x1c</size>
         <input_file_ref idref="fl-c6"/>
      </object_component>
      <object_component id="oc-e6">
         <name>.debug_pubnames</name>
         <load_address>0xb9f</load_address>
         <run_address>0xb9f</run_address>
         <size>0x1d</size>
         <input_file_ref idref="fl-c9"/>
      </object_component>
      <object_component id="oc-14e">
         <name>.debug_pubnames</name>
         <load_address>0xbbc</load_address>
         <run_address>0xbbc</run_address>
         <size>0x24</size>
         <input_file_ref idref="fl-ca"/>
      </object_component>
      <object_component id="oc-152">
         <name>.debug_pubnames</name>
         <load_address>0xbe0</load_address>
         <run_address>0xbe0</run_address>
         <size>0x27</size>
         <input_file_ref idref="fl-ca"/>
      </object_component>
      <object_component id="oc-144">
         <name>.debug_pubnames</name>
         <load_address>0xc07</load_address>
         <run_address>0xc07</run_address>
         <size>0x26</size>
         <input_file_ref idref="fl-ca"/>
      </object_component>
      <object_component id="oc-156">
         <name>.debug_pubnames</name>
         <load_address>0xc2d</load_address>
         <run_address>0xc2d</run_address>
         <size>0x29</size>
         <input_file_ref idref="fl-ca"/>
      </object_component>
      <object_component id="oc-df">
         <name>.debug_pubnames</name>
         <load_address>0xc56</load_address>
         <run_address>0xc56</run_address>
         <size>0x24</size>
         <input_file_ref idref="fl-ca"/>
      </object_component>
      <object_component id="oc-cd">
         <name>.debug_pubnames</name>
         <load_address>0xc7a</load_address>
         <run_address>0xc7a</run_address>
         <size>0x22</size>
         <input_file_ref idref="fl-ca"/>
      </object_component>
      <object_component id="oc-d4">
         <name>.debug_pubnames</name>
         <load_address>0xc9c</load_address>
         <run_address>0xc9c</run_address>
         <size>0x20</size>
         <input_file_ref idref="fl-ca"/>
      </object_component>
      <object_component id="oc-da">
         <name>.debug_pubnames</name>
         <load_address>0xcbc</load_address>
         <run_address>0xcbc</run_address>
         <size>0x21</size>
         <input_file_ref idref="fl-ca"/>
      </object_component>
      <object_component id="oc-71">
         <name>.debug_pubtypes</name>
         <load_address>0x0</load_address>
         <run_address>0x0</run_address>
         <size>0x25c</size>
         <input_file_ref idref="fl-1"/>
      </object_component>
      <object_component id="oc-b3">
         <name>.debug_pubtypes</name>
         <load_address>0x25c</load_address>
         <run_address>0x25c</run_address>
         <size>0xff</size>
         <input_file_ref idref="fl-1"/>
      </object_component>
      <object_component id="oc-ae">
         <name>.debug_pubtypes</name>
         <load_address>0x35b</load_address>
         <run_address>0x35b</run_address>
         <size>0x330</size>
         <input_file_ref idref="fl-1"/>
      </object_component>
      <object_component id="oc-f8">
         <name>.debug_pubtypes</name>
         <load_address>0x68b</load_address>
         <run_address>0x68b</run_address>
         <size>0x12e</size>
         <input_file_ref idref="fl-1"/>
      </object_component>
      <object_component id="oc-76">
         <name>.debug_pubtypes</name>
         <load_address>0x7b9</load_address>
         <run_address>0x7b9</run_address>
         <size>0xaa</size>
         <input_file_ref idref="fl-1"/>
      </object_component>
      <object_component id="oc-37">
         <name>.debug_pubtypes</name>
         <load_address>0x863</load_address>
         <run_address>0x863</run_address>
         <size>0xed</size>
         <input_file_ref idref="fl-2"/>
      </object_component>
      <object_component id="oc-8a">
         <name>.debug_pubtypes</name>
         <load_address>0x950</load_address>
         <run_address>0x950</run_address>
         <size>0x48</size>
         <input_file_ref idref="fl-bd"/>
      </object_component>
      <object_component id="oc-c0">
         <name>.debug_pubtypes</name>
         <load_address>0x998</load_address>
         <run_address>0x998</run_address>
         <size>0x1d</size>
         <input_file_ref idref="fl-bd"/>
      </object_component>
      <object_component id="oc-1a8">
         <name>.debug_pubtypes</name>
         <load_address>0x9b5</load_address>
         <run_address>0x9b5</run_address>
         <size>0x32</size>
         <input_file_ref idref="fl-c3"/>
      </object_component>
      <object_component id="oc-1bd">
         <name>.debug_pubtypes</name>
         <load_address>0x9e7</load_address>
         <run_address>0x9e7</run_address>
         <size>0x30</size>
         <input_file_ref idref="fl-c3"/>
      </object_component>
      <object_component id="oc-1ad">
         <name>.debug_pubtypes</name>
         <load_address>0xa17</load_address>
         <run_address>0xa17</run_address>
         <size>0x2c</size>
         <input_file_ref idref="fl-c3"/>
      </object_component>
      <object_component id="oc-1b2">
         <name>.debug_pubtypes</name>
         <load_address>0xa43</load_address>
         <run_address>0xa43</run_address>
         <size>0x50</size>
         <input_file_ref idref="fl-c3"/>
      </object_component>
      <object_component id="oc-18e">
         <name>.debug_pubtypes</name>
         <load_address>0xa93</load_address>
         <run_address>0xa93</run_address>
         <size>0x25c</size>
         <input_file_ref idref="fl-c9"/>
      </object_component>
      <object_component id="oc-187">
         <name>.debug_pubtypes</name>
         <load_address>0xcef</load_address>
         <run_address>0xcef</run_address>
         <size>0x325</size>
         <input_file_ref idref="fl-c9"/>
      </object_component>
      <object_component id="oc-147">
         <name>.debug_pubtypes</name>
         <load_address>0x1014</load_address>
         <run_address>0x1014</run_address>
         <size>0xaa</size>
         <input_file_ref idref="fl-c9"/>
      </object_component>
   </object_component_list>
   <logical_group_list>
      <logical_group id="lg-3" display="no" color="cyan">
         <name>.intvecs</name>
         <load_address>0x0</load_address>
         <run_address>0x0</run_address>
         <size>0x26c</size>
         <contents>
            <object_component_ref idref="oc-12"/>
         </contents>
      </logical_group>
      <logical_group id="lg-4" display="no" color="cyan">
         <name>.text</name>
         <load_address>0x26c</load_address>
         <run_address>0x26c</run_address>
         <size>0x1a28</size>
         <contents>
            <object_component_ref idref="oc-9b"/>
            <object_component_ref idref="oc-d7"/>
            <object_component_ref idref="oc-d1"/>
            <object_component_ref idref="oc-108"/>
            <object_component_ref idref="oc-cb"/>
            <object_component_ref idref="oc-59"/>
            <object_component_ref idref="oc-47"/>
            <object_component_ref idref="oc-dd"/>
            <object_component_ref idref="oc-27"/>
            <object_component_ref idref="oc-f2"/>
            <object_component_ref idref="oc-e3"/>
            <object_component_ref idref="oc-95"/>
            <object_component_ref idref="oc-fc"/>
            <object_component_ref idref="oc-154"/>
         </contents>
      </logical_group>
      <logical_group id="lg-5" display="no" color="cyan">
         <name>.const</name>
         <load_address>0x1c94</load_address>
         <run_address>0x1c94</run_address>
         <size>0x27c</size>
         <contents>
            <object_component_ref idref="oc-ef"/>
            <object_component_ref idref="oc-e9"/>
            <object_component_ref idref="oc-c8"/>
            <object_component_ref idref="oc-150"/>
            <object_component_ref idref="oc-14c"/>
            <object_component_ref idref="oc-ec"/>
         </contents>
      </logical_group>
      <logical_group id="lg-6" display="no" color="cyan">
         <name>.cinit</name>
         <load_address>0x1f10</load_address>
         <run_address>0x1f10</run_address>
         <size>0x24</size>
         <contents>
            <object_component_ref idref="oc-1f6"/>
            <object_component_ref idref="oc-1f5"/>
            <object_component_ref idref="oc-1f3"/>
            <object_component_ref idref="oc-1f4"/>
         </contents>
      </logical_group>
      <logical_group id="lg-7" display="no" color="cyan">
         <name>.pinit</name>
         <run_address>0x0</run_address>
         <size>0x0</size>
         <contents>
         </contents>
      </logical_group>
      <logical_group id="lg-8" display="no" color="cyan">
         <name>.init_array</name>
         <run_address>0x0</run_address>
         <size>0x0</size>
         <contents>
         </contents>
      </logical_group>
      <logical_group id="lg-9" display="no" color="cyan">
         <name>.vtable</name>
         <run_address>0x20000000</run_address>
         <size>0x26c</size>
         <contents>
            <object_component_ref idref="oc-142"/>
         </contents>
      </logical_group>
      <logical_group id="lg-a" display="no" color="cyan">
         <name>.data</name>
         <run_address>0x0</run_address>
         <size>0x0</size>
         <contents>
         </contents>
      </logical_group>
      <logical_group id="lg-b" display="no" color="cyan">
         <name>.bss</name>
         <run_address>0x20000470</run_address>
         <size>0x8</size>
         <contents>
            <object_component_ref idref="oc-f3"/>
         </contents>
      </logical_group>
      <logical_group id="lg-c" display="no" color="cyan">
         <name>.sysmem</name>
         <run_address>0x0</run_address>
         <size>0x0</size>
         <contents>
         </contents>
      </logical_group>
      <logical_group id="lg-d" display="no" color="cyan">
         <name>.stack</name>
         <run_address>0x20000270</run_address>
         <size>0x200</size>
         <contents>
            <object_component_ref idref="oc-24"/>
            <object_component_ref idref="oc-1f8"/>
         </contents>
      </logical_group>
      <logical_group id="lg-1ca" display="no" color="cyan">
         <name>.TI.noinit</name>
         <run_address>0x0</run_address>
         <size>0x0</size>
         <contents>
         </contents>
      </logical_group>
      <logical_group id="lg-1cb" display="no" color="cyan">
         <name>.TI.persistent</name>
         <run_address>0x0</run_address>
         <size>0x0</size>
         <contents>
         </contents>
      </logical_group>
      <logical_group id="lg-1cc" display="no" color="cyan">
         <name>__llvm_prf_cnts</name>
         <run_address>0x20000000</run_address>
         <size>0x0</size>
         <contents>
         </contents>
      </logical_group>
      <logical_group id="lg-1db" display="never" color="cyan">
         <name>.debug_info</name>
         <load_address>0x0</load_address>
         <run_address>0x0</run_address>
         <size>0xb825</size>
         <contents>
            <object_component_ref idref="oc-b7"/>
            <object_component_ref idref="oc-ea"/>
            <object_component_ref idref="oc-f0"/>
            <object_component_ref idref="oc-c9"/>
            <object_component_ref idref="oc-ed"/>
            <object_component_ref idref="oc-f4"/>
            <object_component_ref idref="oc-9c"/>
            <object_component_ref idref="oc-13c"/>
            <object_component_ref idref="oc-70"/>
            <object_component_ref idref="oc-b2"/>
            <object_component_ref idref="oc-ad"/>
            <object_component_ref idref="oc-f7"/>
            <object_component_ref idref="oc-75"/>
            <object_component_ref idref="oc-2f"/>
            <object_component_ref idref="oc-13"/>
            <object_component_ref idref="oc-28"/>
            <object_component_ref idref="oc-36"/>
            <object_component_ref idref="oc-8e"/>
            <object_component_ref idref="oc-48"/>
            <object_component_ref idref="oc-89"/>
            <object_component_ref idref="oc-bf"/>
            <object_component_ref idref="oc-25"/>
            <object_component_ref idref="oc-5d"/>
            <object_component_ref idref="oc-16f"/>
            <object_component_ref idref="oc-109"/>
            <object_component_ref idref="oc-1a7"/>
            <object_component_ref idref="oc-1bc"/>
            <object_component_ref idref="oc-1ac"/>
            <object_component_ref idref="oc-1b1"/>
            <object_component_ref idref="oc-99"/>
            <object_component_ref idref="oc-fd"/>
            <object_component_ref idref="oc-1b8"/>
            <object_component_ref idref="oc-e5"/>
            <object_component_ref idref="oc-18d"/>
            <object_component_ref idref="oc-186"/>
            <object_component_ref idref="oc-146"/>
            <object_component_ref idref="oc-14b"/>
            <object_component_ref idref="oc-14d"/>
            <object_component_ref idref="oc-151"/>
            <object_component_ref idref="oc-143"/>
            <object_component_ref idref="oc-155"/>
            <object_component_ref idref="oc-de"/>
            <object_component_ref idref="oc-cc"/>
            <object_component_ref idref="oc-d3"/>
            <object_component_ref idref="oc-d9"/>
            <object_component_ref idref="oc-1f9"/>
         </contents>
      </logical_group>
      <logical_group id="lg-1dd" display="never" color="cyan">
         <name>.debug_line</name>
         <load_address>0x0</load_address>
         <run_address>0x0</run_address>
         <size>0x23bb</size>
         <contents>
            <object_component_ref idref="oc-13b"/>
            <object_component_ref idref="oc-15d"/>
            <object_component_ref idref="oc-161"/>
            <object_component_ref idref="oc-141"/>
            <object_component_ref idref="oc-15f"/>
            <object_component_ref idref="oc-163"/>
            <object_component_ref idref="oc-9f"/>
            <object_component_ref idref="oc-13e"/>
            <object_component_ref idref="oc-73"/>
            <object_component_ref idref="oc-b5"/>
            <object_component_ref idref="oc-b0"/>
            <object_component_ref idref="oc-fa"/>
            <object_component_ref idref="oc-78"/>
            <object_component_ref idref="oc-6f"/>
            <object_component_ref idref="oc-2e"/>
            <object_component_ref idref="oc-2b"/>
            <object_component_ref idref="oc-39"/>
            <object_component_ref idref="oc-c5"/>
            <object_component_ref idref="oc-4c"/>
            <object_component_ref idref="oc-8c"/>
            <object_component_ref idref="oc-c2"/>
            <object_component_ref idref="oc-6c"/>
            <object_component_ref idref="oc-5a"/>
            <object_component_ref idref="oc-1a6"/>
            <object_component_ref idref="oc-10c"/>
            <object_component_ref idref="oc-1aa"/>
            <object_component_ref idref="oc-1bf"/>
            <object_component_ref idref="oc-1af"/>
            <object_component_ref idref="oc-1b4"/>
            <object_component_ref idref="oc-98"/>
            <object_component_ref idref="oc-100"/>
            <object_component_ref idref="oc-1c9"/>
            <object_component_ref idref="oc-e7"/>
            <object_component_ref idref="oc-190"/>
            <object_component_ref idref="oc-189"/>
            <object_component_ref idref="oc-149"/>
            <object_component_ref idref="oc-18c"/>
            <object_component_ref idref="oc-193"/>
            <object_component_ref idref="oc-195"/>
            <object_component_ref idref="oc-185"/>
            <object_component_ref idref="oc-158"/>
            <object_component_ref idref="oc-e1"/>
            <object_component_ref idref="oc-cf"/>
            <object_component_ref idref="oc-d5"/>
            <object_component_ref idref="oc-db"/>
         </contents>
      </logical_group>
      <logical_group id="lg-1df" display="never" color="cyan">
         <name>.debug_frame</name>
         <load_address>0x0</load_address>
         <run_address>0x0</run_address>
         <size>0xe2c</size>
         <contents>
            <object_component_ref idref="oc-a0"/>
            <object_component_ref idref="oc-2c"/>
            <object_component_ref idref="oc-4b"/>
            <object_component_ref idref="oc-5b"/>
            <object_component_ref idref="oc-10d"/>
            <object_component_ref idref="oc-96"/>
            <object_component_ref idref="oc-101"/>
            <object_component_ref idref="oc-e8"/>
            <object_component_ref idref="oc-159"/>
            <object_component_ref idref="oc-e2"/>
            <object_component_ref idref="oc-d0"/>
            <object_component_ref idref="oc-d6"/>
            <object_component_ref idref="oc-dc"/>
         </contents>
      </logical_group>
      <logical_group id="lg-1e1" display="never" color="cyan">
         <name>.debug_abbrev</name>
         <load_address>0x0</load_address>
         <run_address>0x0</run_address>
         <size>0xe58</size>
         <contents>
            <object_component_ref idref="oc-13a"/>
            <object_component_ref idref="oc-15c"/>
            <object_component_ref idref="oc-160"/>
            <object_component_ref idref="oc-140"/>
            <object_component_ref idref="oc-15e"/>
            <object_component_ref idref="oc-162"/>
            <object_component_ref idref="oc-f6"/>
            <object_component_ref idref="oc-13d"/>
            <object_component_ref idref="oc-72"/>
            <object_component_ref idref="oc-b4"/>
            <object_component_ref idref="oc-af"/>
            <object_component_ref idref="oc-f9"/>
            <object_component_ref idref="oc-77"/>
            <object_component_ref idref="oc-6e"/>
            <object_component_ref idref="oc-2d"/>
            <object_component_ref idref="oc-6d"/>
            <object_component_ref idref="oc-38"/>
            <object_component_ref idref="oc-c4"/>
            <object_component_ref idref="oc-88"/>
            <object_component_ref idref="oc-8b"/>
            <object_component_ref idref="oc-c1"/>
            <object_component_ref idref="oc-6b"/>
            <object_component_ref idref="oc-a4"/>
            <object_component_ref idref="oc-1a5"/>
            <object_component_ref idref="oc-16e"/>
            <object_component_ref idref="oc-1a9"/>
            <object_component_ref idref="oc-1be"/>
            <object_component_ref idref="oc-1ae"/>
            <object_component_ref idref="oc-1b3"/>
            <object_component_ref idref="oc-c7"/>
            <object_component_ref idref="oc-164"/>
            <object_component_ref idref="oc-1c8"/>
            <object_component_ref idref="oc-15b"/>
            <object_component_ref idref="oc-18f"/>
            <object_component_ref idref="oc-188"/>
            <object_component_ref idref="oc-148"/>
            <object_component_ref idref="oc-18b"/>
            <object_component_ref idref="oc-192"/>
            <object_component_ref idref="oc-194"/>
            <object_component_ref idref="oc-184"/>
            <object_component_ref idref="oc-196"/>
            <object_component_ref idref="oc-15a"/>
            <object_component_ref idref="oc-145"/>
            <object_component_ref idref="oc-14f"/>
[...]
         <value>0x1f24</value>
      </symbol>
      <symbol id="sm-5">
         <name>__TI_CINIT_Limit</name>
         <value>0x1f34</value>
      </symbol>
      <symbol id="sm-6">
         <name>__TI_Handler_Table_Base</name>
         <value>0x1f20</value>
      </symbol>
      <symbol id="sm-7">
         <name>__TI_Handler_Table_Limit</name>
         <value>0x1f24</value>
      </symbol>
      <symbol id="sm-8">
         <name>binit</name>
         <value>0xffffffff</value>
      </symbol>
      <symbol id="sm-9">
         <name>__binit__</name>
         <value>0xffffffff</value>
      </symbol>
      <symbol id="sm-a">
         <name>__STACK_SIZE</name>
         <value>0x200</value>
      </symbol>
      <symbol id="sm-b">
         <name>__STACK_END</name>
         <value>0x20000470</value>
      </symbol>
      <symbol id="sm-c">
         <name>__c_args__</name>
         <value>0xffffffff</value>
      </symbol>
      <symbol id="sm-d">
         <name>__TI_pprof_out_hndl</name>
         <value>0xffffffff</value>
      </symbol>
      <symbol id="sm-e">
         <name>__TI_prof_data_start</name>
         <value>0xffffffff</value>
      </symbol>
      <symbol id="sm-f">
         <name>__TI_prof_data_size</name>
         <value>0xffffffff</value>
      </symbol>
      <symbol id="sm-1f0">
         <name>ADCIntEnableEx</name>
         <value>0x18bf</value>
         <object_component_ref idref="oc-9b"/>
      </symbol>
      <symbol id="sm-1f1">
         <name>ADCIntDisableEx</name>
         <value>0x18a7</value>
         <object_component_ref idref="oc-9b"/>
      </symbol>
      <symbol id="sm-1f2">
         <name>ADCComparatorIntEnable</name>
         <value>0x185d</value>
         <object_component_ref idref="oc-9b"/>
      </symbol>
      <symbol id="sm-1f3">
         <name>SysCtlGPIOAHBEnable</name>
         <value>0x1017</value>
         <object_component_ref idref="oc-9b"/>
      </symbol>
      <symbol id="sm-1f4">
         <name>SysCtlIntRegister</name>
         <value>0x6f5</value>
         <object_component_ref idref="oc-9b"/>
      </symbol>
      <symbol id="sm-1f5">
         <name>SysCtlFlashSizeGet</name>
         <value>0x337</value>
         <object_component_ref idref="oc-9b"/>
      </symbol>
      <symbol id="sm-1f6">
         <name>ADCProcessorTrigger</name>
         <value>0x1595</value>
         <object_component_ref idref="oc-9b"/>
      </symbol>
      <symbol id="sm-1f7">
         <name>SysCtlPeripheralDeepSleepEnable</name>
         <value>0x609</value>
         <object_component_ref idref="oc-9b"/>
      </symbol>
      <symbol id="sm-1f8">
         <name>ADCComparatorIntClear</name>
         <value>0x1895</value>
         <object_component_ref idref="oc-9b"/>
      </symbol>
      <symbol id="sm-1f9">
         <name>SysCtlLDODeepSleepGet</name>
         <value>0x79b</value>
         <object_component_ref idref="oc-9b"/>
      </symbol>
      <symbol id="sm-1fa">
         <name>ADCComparatorConfigure</name>
         <value>0x17b3</value>
         <object_component_ref idref="oc-9b"/>
      </symbol>
      <symbol id="sm-1fb">
         <name>SysCtlFlashSectorSizeGet</name>
         <value>0x363</value>
         <object_component_ref idref="oc-9b"/>
      </symbol>
      <symbol id="sm-1fc">
         <name>SysCtlIntDisable</name>
         <value>0x731</value>
         <object_component_ref idref="oc-9b"/>
      </symbol>
      <symbol id="sm-1fd">
         <name>SysCtlResetBehaviorGet</name>
         <value>0x881</value>
         <object_component_ref idref="oc-9b"/>
      </symbol>
      <symbol id="sm-1fe">
         <name>ADCSequenceDMAEnable</name>
         <value>0x1969</value>
         <object_component_ref idref="oc-9b"/>
      </symbol>
      <symbol id="sm-1ff">
         <name>ADCComparatorIntStatus</name>
         <value>0x1881</value>
         <object_component_ref idref="oc-9b"/>
      </symbol>
      <symbol id="sm-200">
         <name>SysCtlPeripheralPresent</name>
         <value>0x389</value>
         <object_component_ref idref="oc-9b"/>
      </symbol>
      <symbol id="sm-201">
         <name>ADCSequenceUnderflow</name>
         <value>0x1525</value>
         <object_component_ref idref="oc-9b"/>
      </symbol>
      <symbol id="sm-202">
         <name>ADCSequenceUnderflowClear</name>
         <value>0x153d</value>
         <object_component_ref idref="oc-9b"/>
      </symbol>
      <symbol id="sm-203">
         <name>SysCtlDeepSleepClockSet</name>
         <value>0xf3f</value>
         <object_component_ref idref="oc-9b"/>
      </symbol>
      <symbol id="sm-204">
         <name>SysCtlClockSet</name>
         <value>0xbc9</value>
         <object_component_ref idref="oc-9b"/>
      </symbol>
      <symbol id="sm-205">
         <name>ADCSoftwareOversampleStepConfigure</name>
         <value>0x160b</value>
         <object_component_ref idref="oc-9b"/>
      </symbol>
      <symbol id="sm-206">
         <name>SysCtlAltClkConfig</name>
         <value>0x11a9</value>
         <object_component_ref idref="oc-9b"/>
      </symbol>
      <symbol id="sm-207">
         <name>SysCtlPeripheralClockGating</name>
         <value>0x6a1</value>
         <object_component_ref idref="oc-9b"/>
      </symbol>
      <symbol id="sm-208">
         <name>SysCtlIntStatus</name>
         <value>0x759</value>
         <object_component_ref idref="oc-9b"/>
      </symbol>
      <symbol id="sm-209">
         <name>ADCPhaseDelaySet</name>
         <value>0x1949</value>
         <object_component_ref idref="oc-9b"/>
      </symbol>
      <symbol id="sm-20a">
         <name>SysCtlIntClear</name>
         <value>0x749</value>
         <object_component_ref idref="oc-9b"/>
      </symbol>
      <symbol id="sm-20b">
         <name>SysCtlVoltageEventStatus</name>
         <value>0x107d</value>
         <object_component_ref idref="oc-9b"/>
      </symbol>
      <symbol id="sm-20c">
         <name>ayar</name>
         <value>0x1a57</value>
         <object_component_ref idref="oc-9b"/>
      </symbol>
      <symbol id="sm-20d">
         <name>ADCComparatorRegionSet</name>
         <value>0x17cf</value>
         <object_component_ref idref="oc-9b"/>
      </symbol>
      <symbol id="sm-20e">
         <name>ADCSoftwareOversampleConfigure</name>
         <value>0x15b9</value>
         <object_component_ref idref="oc-9b"/>
      </symbol>
      <symbol id="sm-20f">
         <name>ADCSequenceEnable</name>
         <value>0x1329</value>
         <object_component_ref idref="oc-9b"/>
      </symbol>
      <symbol id="sm-210">
         <name>SysCtlVoltageEventConfig</name>
         <value>0x106d</value>
         <object_component_ref idref="oc-9b"/>
      </symbol>
      <symbol id="sm-211">
         <name>SysCtlResetCauseGet</name>
         <value>0x7f1</value>
         <object_component_ref idref="oc-9b"/>
      </symbol>
      <symbol id="sm-212">
         <name>SysCtlSleep</name>
         <value>0x7cd</value>
         <object_component_ref idref="oc-9b"/>
      </symbol>
      <symbol id="sm-213">
         <name>SysCtlPWMClockGet</name>
         <value>0x1001</value>
         <object_component_ref idref="oc-9b"/>
      </symbol>
      <symbol id="sm-214">
         <name>SysCtlDeepSleepPowerSet</name>
         <value>0x7b5</value>
         <object_component_ref idref="oc-9b"/>
      </symbol>
      <symbol id="sm-215">
         <name>SysCtlClockOutConfig</name>
         <value>0x118d</value>
         <object_component_ref idref="oc-9b"/>
      </symbol>
      <symbol id="sm-216">
         <name>SysCtlNMIStatus</name>
         <value>0x115d</value>
         <object_component_ref idref="oc-9b"/>
      </symbol>
      <symbol id="sm-217">
         <name>ADCClockConfigGet</name>
         <value>0x19e9</value>
         <object_component_ref idref="oc-9b"/>
      </symbol>
      <symbol id="sm-218">
         <name>ADCReferenceGet</name>
         <value>0x1937</value>
         <object_component_ref idref="oc-9b"/>
      </symbol>
      <symbol id="sm-219">
         <name>ADCSequenceOverflowClear</name>
         <value>0x150f</value>
         <object_component_ref idref="oc-9b"/>
      </symbol>
      <symbol id="sm-21a">
         <name>ADCIntDisable</name>
         <value>0x126b</value>
         <object_component_ref idref="oc-9b"/>
      </symbol>
      <symbol id="sm-21b">
         <name>SysCtlDeepSleepClockConfigSet</name>
         <value>0xf5d</value>
         <object_component_ref idref="oc-9b"/>
      </symbol>
      <symbol id="sm-21c">
         <name>ADCIntStatusEx</name>
         <value>0x18d7</value>
         <object_component_ref idref="oc-9b"/>
      </symbol>
      <symbol id="sm-21d">
         <name>ADCIntClearEx</name>
         <value>0x1909</value>
         <object_component_ref idref="oc-9b"/>
      </symbol>
      <symbol id="sm-21e">
         <name>SysCtlDelay</name>
         <value>0x1c81</value>
         <object_component_ref idref="oc-f2"/>
      </symbol>
      <symbol id="sm-21f">
         <name>ADCIntUnregister</name>
         <value>0x124d</value>
         <object_component_ref idref="oc-9b"/>
      </symbol>
      <symbol id="sm-220">
         <name>SysCtlVoltageEventClear</name>
         <value>0x1089</value>
         <object_component_ref idref="oc-9b"/>
      </symbol>
      <symbol id="sm-221">
         <name>SysCtlLDOSleepSet</name>
         <value>0x775</value>
         <object_component_ref idref="oc-9b"/>
      </symbol>
      <symbol id="sm-222">
         <name>SysCtlMOSCConfigSet</name>
         <value>0x80b</value>
         <object_component_ref idref="oc-9b"/>
      </symbol>
      <symbol id="sm-223">
         <name>SysCtlPeripheralEnable</name>
         <value>0x509</value>
         <object_component_ref idref="oc-9b"/>
      </symbol>
      <symbol id="sm-224">
         <name>SysCtlIntEnable</name>
         <value>0x71d</value>
         <object_component_ref idref="oc-9b"/>
      </symbol>
      <symbol id="sm-225">
         <name>SysCtlNMIClear</name>
         <value>0x1171</value>
         <object_component_ref idref="oc-9b"/>
      </symbol>
      <symbol id="sm-226">
         <name>ADCSequenceOverflow</name>
         <value>0x14f7</value>
         <object_component_ref idref="oc-9b"/>
      </symbol>
      <symbol id="sm-227">
         <name>ADCSequenceConfigure</name>
         <value>0x136d</value>
         <object_component_ref idref="oc-9b"/>
      </symbol>
      <symbol id="sm-228">
         <name>SysCtlPeripheralPowerOff</name>
         <value>0x445</value>
         <object_component_ref idref="oc-9b"/>
      </symbol>
      <symbol id="sm-229">
         <name>SysCtlSleepPowerSet</name>
         <value>0x7a1</value>
         <object_component_ref idref="oc-9b"/>
      </symbol>
      <symbol id="sm-22a">
         <name>main</name>
         <value>0x1a27</value>
         <object_component_ref idref="oc-9b"/>
      </symbol>
      <symbol id="sm-22b">
         <name>ADCIntEnable</name>
         <value>0x1287</value>
         <object_component_ref idref="oc-9b"/>
      </symbol>
      <symbol id="sm-22c">
         <name>ADCComparatorIntDisable</name>
         <value>0x183f</value>
         <object_component_ref idref="oc-9b"/>
      </symbol>
      <symbol id="sm-22d">
         <name>SysCtlDeepSleep</name>
         <value>0x7d5</value>
         <object_component_ref idref="oc-9b"/>
      </symbol>
      <symbol id="sm-22e">
         <name>ADCBusy</name>
         <value>0x19a1</value>
         <object_component_ref idref="oc-9b"/>
      </symbol>
      <symbol id="sm-22f">
         <name>SysCtlLDODeepSleepSet</name>
         <value>0x78b</value>
         <object_component_ref idref="oc-9b"/>
      </symbol>
      <symbol id="sm-230">
         <name>SysCtlPeripheralPowerOn</name>
         <value>0x409</value>
         <object_component_ref idref="oc-9b"/>
      </symbol>
      <symbol id="sm-231">
         <name>SysCtlPeripheralDeepSleepDisable</name>
         <value>0x659</value>
         <object_component_ref idref="oc-9b"/>
      </symbol>
      <symbol id="sm-232">
         <name>ADCComparatorReset</name>
         <value>0x17f9</value>
         <object_component_ref idref="oc-9b"/>
      </symbol>
      <symbol id="sm-233">
         <name>SysCtlPeripheralSleepDisable</name>
         <value>0x5cd</value>
         <object_component_ref idref="oc-9b"/>
      </symbol>
      <symbol id="sm-234">
         <name>SysCtlVCOGet</name>
         <value>0x10a1</value>
         <object_component_ref idref="oc-9b"/>
      </symbol>
      <symbol id="sm-235">
         <name>SysCtlResetBehaviorSet</name>
         <value>0x871</value>
         <object_component_ref idref="oc-9b"/>
      </symbol>
      <symbol id="sm-236">
         <name>SysCtlReset</name>
         <value>0x7c5</value>
         <object_component_ref idref="oc-9b"/>
      </symbol>
      <symbol id="sm-237">
         <name>ADCReferenceSet</name>
         <value>0x191b</value>
         <object_component_ref idref="oc-9b"/>
      </symbol>
      <symbol id="sm-238">
         <name>SysCtlGPIOAHBDisable</name>
         <value>0x1033</value>
         <object_component_ref idref="oc-9b"/>
      </symbol>
      <symbol id="sm-239">
         <name>SysCtlSRAMSizeGet</name>
         <value>0x32d</value>
         <object_component_ref idref="oc-9b"/>
      </symbol>
      <symbol id="sm-23a">
         <name>SysCtlClockGet</name>
         <value>0xd99</value>
         <object_component_ref idref="oc-9b"/>
      </symbol>
      <symbol id="sm-23b">
         <name>SysCtlPeripheralDisable</name>
         <value>0x545</value>
         <object_component_ref idref="oc-9b"/>
      </symbol>
      <symbol id="sm-23c">
         <name>ADCPhaseDelayGet</name>
         <value>0x195b</value>
         <object_component_ref idref="oc-9b"/>
      </symbol>
      <symbol id="sm-23d">
         <name>ADCSequenceStepConfigure</name>
         <value>0x1409</value>
         <object_component_ref idref="oc-9b"/>
      </symbol>
      <symbol id="sm-23e">
         <name>SysCtlPWMClockSet</name>
         <value>0xfe7</value>
         <object_component_ref idref="oc-9b"/>
      </symbol>
      <symbol id="sm-23f">
         <name>ADCSequenceDMADisable</name>
         <value>0x1985</value>
         <object_component_ref idref="oc-9b"/>
      </symbol>
      <symbol id="sm-240">
         <name>ADCIntClear</name>
         <value>0x130d</value>
         <object_component_ref idref="oc-9b"/>
      </symbol>
      <symbol id="sm-241">
         <name>SysCtlUSBPLLEnable</name>
         <value>0x104f</value>
         <object_component_ref idref="oc-9b"/>
      </symbol>
      <symbol id="sm-242">
         <name>ADCHardwareOversampleConfigure</name>
         <value>0x1781</value>
         <object_component_ref idref="oc-9b"/>
      </symbol>
      <symbol id="sm-243">
         <name>SysCtlPeripheralSleepEnable</name>
         <value>0x589</value>
         <object_component_ref idref="oc-9b"/>
      </symbol>
      <symbol id="sm-244">
         <name>SysCtlIntUnregister</name>
         <value>0x70d</value>
         <object_component_ref idref="oc-9b"/>
      </symbol>
      <symbol id="sm-245">
         <name>ADCIntStatus</name>
         <value>0x12b5</value>
         <object_component_ref idref="oc-9b"/>
      </symbol>
      <symbol id="sm-246">
         <name>ADCIntRegister</name>
         <value>0x1219</value>
         <object_component_ref idref="oc-9b"/>
      </symbol>
      <symbol id="sm-247">
         <name>ADCSequenceDisable</name>
         <value>0x1349</value>
         <object_component_ref idref="oc-9b"/>
      </symbol>
      <symbol id="sm-248">
         <name>ADCClockConfigSet</name>
         <value>0x19bf</value>
         <object_component_ref idref="oc-9b"/>
      </symbol>
      <symbol id="sm-249">
         <name>ADCSoftwareOversampleDataGet</name>
         <value>0x16ed</value>
         <object_component_ref idref="oc-9b"/>
      </symbol>
      <symbol id="sm-24a">
         <name>SysCtlUSBPLLDisable</name>
         <value>0x105b</value>
         <object_component_ref idref="oc-9b"/>
      </symbol>
      <symbol id="sm-24b">
         <name>SysCtlPeripheralReady</name>
         <value>0x3c9</value>
         <object_component_ref idref="oc-9b"/>
      </symbol>
      <symbol id="sm-24c">
         <name>SysCtlPIOSCCalibrate</name>
         <value>0x821</value>
         <object_component_ref idref="oc-9b"/>
      </symbol>
      <symbol id="sm-24d">
         <name>SysCtlResetCauseClear</name>
         <value>0x7f7</value>
         <object_component_ref idref="oc-9b"/>
      </symbol>
      <symbol id="sm-24e">
         <name>ADCSequenceDataGet</name>
         <value>0x1553</value>
         <object_component_ref idref="oc-9b"/>
      </symbol>
      <symbol id="sm-24f">
         <name>SysCtlLDOSleepGet</name>
         <value>0x785</value>
         <object_component_ref idref="oc-9b"/>
      </symbol>
      <symbol id="sm-250">
         <name>SysCtlClockFreqSet</name>
         <value>0x8d1</value>
         <object_component_ref idref="oc-9b"/>
      </symbol>
      <symbol id="sm-251">
         <name>SysCtlPeripheralReset</name>
         <value>0x481</value>
         <object_component_ref idref="oc-9b"/>
      </symbol>
      <symbol id="sm-272">
         <name>ResetISR</name>
         <value>0x1c75</value>
         <object_component_ref idref="oc-27"/>
      </symbol>
      <symbol id="sm-273">
         <name>g_pfnVectors</name>
         <value>0x0</value>
         <object_component_ref idref="oc-12"/>
      </symbol>
      <symbol id="sm-28c">
         <name>__TI_zero_init_nomemset</name>
         <value>0x1c45</value>
         <object_component_ref idref="oc-47"/>
      </symbol>
      <symbol id="sm-2a1">
         <name>__stack</name>
         <value>0x20000270</value>
         <object_component_ref idref="oc-24"/>
      </symbol>
      <symbol id="sm-2a2">
         <name>_c_int00_noargs</name>
         <value>0x1c11</value>
         <object_component_ref idref="oc-59"/>
      </symbol>
      <symbol id="sm-2cc">
         <name>__TI_auto_init_nobinit_nopinit</name>
         <value>0x1b99</value>
         <object_component_ref idref="oc-108"/>
      </symbol>
      <symbol id="sm-2d6">
         <name>_system_pre_init</name>
         <value>0x1c8b</value>
         <object_component_ref idref="oc-95"/>
      </symbol>
      <symbol id="sm-2e2">
         <name>C$$EXIT</name>
         <value>0x1c8f</value>
         <object_component_ref idref="oc-fc"/>
      </symbol>
      <symbol id="sm-2e3">
         <name>abort</name>
         <value>0x1c8f</value>
         <object_component_ref idref="oc-fc"/>
      </symbol>
      <symbol id="sm-301">
         <name>CPUwfi</name>
         <value>0x1c87</value>
         <object_component_ref idref="oc-e3"/>
      </symbol>
      <symbol id="sm-361">
         <name>IntEnable</name>
         <value>0x1b31</value>
         <object_component_ref idref="oc-d1"/>
      </symbol>
      <symbol id="sm-362">
         <name>IntDisable</name>
         <value>0x1ac9</value>
         <object_component_ref idref="oc-d7"/>
      </symbol>
      <symbol id="sm-363">
         <name>IntRegister</name>
         <value>0x1bdd</value>
         <object_component_ref idref="oc-cb"/>
      </symbol>
      <symbol id="sm-364">
         <name>IntUnregister</name>
         <value>0x1c61</value>
         <object_component_ref idref="oc-dd"/>
      </symbol>
      <symbol id="sm-365">
         <name>g_pfnRAMVectors</name>
         <value>0x20000000</value>
         <object_component_ref idref="oc-142"/>
      </symbol>
      <symbol id="sm-366">
         <name>__TI_static_base__</name>
         <value>0x0</value>
      </symbol>
      <symbol id="sm-368">
         <name>__mpu_init</name>
         <value>0x0</value>
      </symbol>
      <symbol id="sm-369">
         <name>_system_post_cinit</name>
         <value>0x0</value>
      </symbol>
   </symbol_table>
   <title>Link successful</title>
</link_info>
