******************************************************************************
                  TI ARM Linker Unix v20.2.7                   
******************************************************************************
>> Linked Sat Jan 18 16:30:04 2025

OUTPUT FILE NAME:   <proje6.out>
ENTRY POINT SYMBOL: "_c_int00_noargs"  address: 0000083d


MEMORY CONFIGURATION

         name            origin    length      used     unused   attr    fill
----------------------  --------  ---------  --------  --------  ----  --------
  FLASH                 00000000   00040000  000008ec  0003f714  R  X
  SRAM                  20000000   00008000  00000204  00007dfc  RW X


SEGMENT ALLOCATION MAP

run origin  load origin   length   init length attrs members
----------  ----------- ---------- ----------- ----- -------
00000000    00000000    000008f0   000008f0    r-x
  00000000    00000000    0000026c   0000026c    r-- .intvecs
  0000026c    0000026c    00000650   00000650    r-x .text
  000008bc    000008bc    00000018   00000018    r-- .const
  000008d8    000008d8    00000018   00000018    r-- .cinit
20000000    20000000    00000204   00000000    rw-
  20000000    20000000    00000200   00000000    rw- .stack
  20000200    20000200    00000004   00000000    rw- .data


SECTION ALLOCATION MAP

 output                                  attributes/
section   page    origin      length       input sections
--------  ----  ----------  ----------   ----------------
.intvecs   0    00000000    0000026c     
                  00000000    0000026c     tm4c123gh6pm_startup_ccs.obj (.intvecs)

.text      0    0000026c    00000650     
                  0000026c    000001ec     rtsv7M4_T_le_v4SPD16_eabi.lib : e_expf.c.obj (.text:expf)
                  00000458    000000fc                                   : fd_mul_t2.asm.obj (.text)
                  00000554    000000a4                                   : s_sinf.c.obj (.text:sinf)
                  000005f8    0000009c                                   : memcpy_t2.asm.obj (.text)
                  00000694    0000006e                                   : fd_tos_t2.asm.obj (.text)
                  00000702    00000068                                   : copy_decompress_lzss.c.obj (.text:decompress:lzss:__TI_decompress_lzss)
                  0000076a    00000002     --HOLE-- [fill = 0]
                  0000076c    00000054     main.obj (.text)
                  000007c0    00000044     rtsv7M4_T_le_v4SPD16_eabi.lib : autoinit.c.obj (.text:__TI_auto_init_nobinit_nopinit:__TI_auto_init_nobinit_nopinit)
                  00000804    00000038                                   : fs_tod_t2.asm.obj (.text)
                  0000083c    00000034                                   : boot_cortex_m.c.obj (.text:_c_int00_noargs:_c_int00_noargs)
                  00000870    00000010     driverlib.lib : fpu.obj (.text:FPUEnable)
                  00000880    00000010                   : fpu.obj (.text:FPULazyStackingEnable)
                  00000890    0000000e     rtsv7M4_T_le_v4SPD16_eabi.lib : copy_decompress_none.c.obj (.text:decompress:none:__TI_decompress_none)
                  0000089e    0000000c     tm4c123gh6pm_startup_ccs.obj (.text)
                  000008aa    00000002     --HOLE-- [fill = 0]
                  000008ac    00000008     rtsv7M4_T_le_v4SPD16_eabi.lib : errno.c.obj (.text:__aeabi_errno_addr)
                  000008b4    00000004                                   : pre_init.c.obj (.text:_system_pre_init)
                  000008b8    00000004                                   : exit.c.obj (.text:abort:abort)

.const     0    000008bc    00000018     
                  000008bc    00000018     rtsv7M4_T_le_v4SPD16_eabi.lib : e_expf.c.obj (.const:$O1$$)

.cinit     0    000008d8    00000018     
                  000008d8    00000008     (__TI_handler_table)
                  000008e0    00000007     (.cinit..data.load) [load image, compression = lzss]
                  000008e7    00000001     --HOLE-- [fill = 0]
                  000008e8    00000008     (__TI_cinit_table)

.init_array 
*          0    00000000    00000000     UNINITIALIZED

.data      0    20000200    00000004     UNINITIALIZED
                  20000200    00000004     rtsv7M4_T_le_v4SPD16_eabi.lib : errno.c.obj (.data)

.stack     0    20000000    00000200     UNINITIALIZED
                  20000000    00000004     rtsv7M4_T_le_v4SPD16_eabi.lib : boot_cortex_m.c.obj (.stack)
                  20000004    000001fc     --HOLE--

__llvm_prf_cnts 
*          0    20000000    00000000     UNINITIALIZED

MODULE SUMMARY

       Module                         code   ro data   rw data
       ------                         ----   -------   -------
    ./
       tm4c123gh6pm_startup_ccs.obj   12     620       0      
       main.obj                       84     0         0      
    +--+------------------------------+------+---------+---------+
       Total:                         96     620       0      
                                                              
    /Applications/ti/SW-TM4C-2.2.0.295/driverlib/ccs/Debug/driverlib.lib
       fpu.obj                        32     0         0      
    +--+------------------------------+------+---------+---------+
       Total:                         32     0         0      
                                                              
    /Applications/ti/ccs1280/ccs/tools/compiler/ti-cgt-arm_20.2.7.LTS/lib/rtsv7M4_T_le_v4SPD16_eabi.lib
       e_expf.c.obj                   492    24        0      
       fd_mul_t2.asm.obj              252    0         0      
       s_sinf.c.obj                   164    0         0      
       memcpy_t2.asm.obj              156    0         0      
       fd_tos_t2.asm.obj              110    0         0      
       copy_decompress_lzss.c.obj     104    0         0      
       autoinit.c.obj                 68     0         0      
       fs_tod_t2.asm.obj              56     0         0      
       boot_cortex_m.c.obj            52     0         0      
       copy_decompress_none.c.obj     14     0         0      
       errno.c.obj                    8      0         4      
       exit.c.obj                     4      0         0      
       pre_init.c.obj                 4      0         0      
    +--+------------------------------+------+---------+---------+
       Total:                         1484   24        4      
                                                              
       Stack:                         0      0         512    
       Linker Generated:              0      23        0      
    +--+------------------------------+------+---------+---------+
       Grand Total:                   1612   667       516    


LINKER GENERATED COPY TABLES

__TI_cinit_table @ 000008e8 records: 1, size/record: 8, table size: 8
	.data: load addr=000008e0, load size=00000007 bytes, run addr=20000200, run size=00000004 bytes, compression=lzss


LINKER GENERATED HANDLER TABLE

__TI_handler_table @ 000008d8 records: 2, size/record: 4, table size: 8
	index: 0, handler: __TI_decompress_lzss
	index: 1, handler: __TI_decompress_none


GLOBAL SYMBOLS: SORTED ALPHABETICALLY BY Name 

address   name                          
-------   ----                          
000008b9  C$$EXIT                       
00000871  FPUEnable                     
00000881  FPULazyStackingEnable         
0000089f  ResetISR                      
20000200  __STACK_END                   
00000200  __STACK_SIZE                  
20000200  __STACK_TOP                   
000008e8  __TI_CINIT_Base               
000008f0  __TI_CINIT_Limit              
000008d8  __TI_Handler_Table_Base       
000008e0  __TI_Handler_Table_Limit      
000007c1  __TI_auto_init_nobinit_nopinit
00000703  __TI_decompress_lzss          
00000891  __TI_decompress_none          
ffffffff  __TI_pprof_out_hndl           
ffffffff  __TI_prof_data_size           
ffffffff  __TI_prof_data_start          
00000000  __TI_static_base__            
00000695  __aeabi_d2f                   
00000459  __aeabi_dmul                  
000008ad  __aeabi_errno_addr            
00000805  __aeabi_f2d                   
000005f9  __aeabi_memcpy                
000005f9  __aeabi_memcpy4               
000005f9  __aeabi_memcpy8               
ffffffff  __binit__                     
ffffffff  __c_args__                    
UNDEFED   __mpu_init                    
20000000  __stack                       
20000000  __start___llvm_prf_cnts       
20000000  __stop___llvm_prf_cnts        
0000083d  _c_int00_noargs               
UNDEFED   _system_post_cinit            
000008b5  _system_pre_init              
000008b9  abort                         
ffffffff  binit                         
20000200  errno                         
0000026d  expf                          
00000000  g_pfnVectors                  
0000076d  main                          
000005f9  memcpy                        
00000555  sinf                          


GLOBAL SYMBOLS: SORTED BY Symbol Address 

address   name                          
-------   ----                          
00000000  __TI_static_base__            
00000000  g_pfnVectors                  
00000200  __STACK_SIZE                  
0000026d  expf                          
00000459  __aeabi_dmul                  
00000555  sinf                          
000005f9  __aeabi_memcpy                
000005f9  __aeabi_memcpy4               
000005f9  __aeabi_memcpy8               
000005f9  memcpy                        
00000695  __aeabi_d2f                   
00000703  __TI_decompress_lzss          
0000076d  main                          
000007c1  __TI_auto_init_nobinit_nopinit
00000805  __aeabi_f2d                   
0000083d  _c_int00_noargs               
00000871  FPUEnable                     
00000881  FPULazyStackingEnable         
00000891  __TI_decompress_none          
0000089f  ResetISR                      
000008ad  __aeabi_errno_addr            
000008b5  _system_pre_init              
000008b9  C$$EXIT                       
000008b9  abort                         
000008d8  __TI_Handler_Table_Base       
000008e0  __TI_Handler_Table_Limit      
000008e8  __TI_CINIT_Base               
000008f0  __TI_CINIT_Limit              
20000000  __stack                       
20000000  __start___llvm_prf_cnts       
20000000  __stop___llvm_prf_cnts        
20000200  __STACK_END                   
20000200  __STACK_TOP                   
20000200  errno                         
ffffffff  __TI_pprof_out_hndl           
ffffffff  __TI_prof_data_size           
ffffffff  __TI_prof_data_start          
ffffffff  __binit__                     
ffffffff  __c_args__                    
ffffffff  binit                         
UNDEFED   __mpu_init                    
UNDEFED   _system_post_cinit            

[42 symbols]
