******************************************************************************
                  TI ARM Linker PC v20.2.7                     
******************************************************************************
>> Linked Mon Nov 27 03:04:58 2023

OUTPUT FILE NAME:   <lcdodevsaatseriport.out>
ENTRY POINT SYMBOL: "_c_int00_noargs"  address: 00001b89


MEMORY CONFIGURATION

         name            origin    length      used     unused   attr    fill
----------------------  --------  ---------  --------  --------  ----  --------
  FLASH                 00000000   00040000  00001fc6  0003e03a  R  X
  SRAM                  20000000   00008000  00000484  00007b7c  RW X


SEGMENT ALLOCATION MAP

run origin  load origin   length   init length attrs members
----------  ----------- ---------- ----------- ----- -------
00000000    00000000    00001fc8   00001fc8    r-x
  00000000    00000000    0000026c   0000026c    r-- .intvecs
  0000026c    0000026c    00001a56   00001a56    r-x .text
  00001cc4    00001cc4    000002bc   000002bc    r-- .const
  00001f80    00001f80    00000048   00000048    r-- .cinit
20000000    20000000    00000488   00000000    rw-
  20000000    20000000    0000026c   00000000    rw- .vtable
  20000270    20000270    00000200   00000000    rw- .stack
  20000470    20000470    00000010   00000000    rw- .data
  20000480    20000480    00000008   00000000    rw- .bss


SECTION ALLOCATION MAP

 output                                  attributes/
section   page    origin      length       input sections
--------  ----  ----------  ----------   ----------------
.intvecs   0    00000000    0000026c     
                  00000000    0000026c     tm4c123gh6pm_startup_ccs.obj (.intvecs)

.text      0    0000026c    00001a56     
                  0000026c    000013e8     main.obj (.text)
                  00001654    00000118     driverlib.lib : sysctl.obj (.text:SysCtlClockGet)
                  0000176c    000000f4                   : sysctl.obj (.text:SysCtlClockSet)
                  00001860    0000009c     rtsv7M4_T_le_v4SPD16_eabi.lib : memcpy_t2.asm.obj (.text)
                  000018fc    00000068     driverlib.lib : interrupt.obj (.text:IntDisable)
                  00001964    00000068                   : interrupt.obj (.text:IntEnable)
                  000019cc    00000068     rtsv7M4_T_le_v4SPD16_eabi.lib : copy_decompress_lzss.c.obj (.text:decompress:lzss:__TI_decompress_lzss)
                  00001a34    00000060     driverlib.lib : timer.obj (.text:TimerConfigure)
                  00001a94    00000046                   : uart.obj (.text:UARTConfigSetExpClk)
                  00001ada    00000002                   : interrupt.obj (.text:_IntDefaultHandler)
                  00001adc    00000044     rtsv7M4_T_le_v4SPD16_eabi.lib : autoinit.c.obj (.text:__TI_auto_init_nobinit_nopinit:__TI_auto_init_nobinit_nopinit)
                  00001b20    00000034     driverlib.lib : interrupt.obj (.text:IntRegister)
                  00001b54    00000034                   : sysctl.obj (.text:SysCtlPeripheralEnable)
                  00001b88    00000034     rtsv7M4_T_le_v4SPD16_eabi.lib : boot_cortex_m.c.obj (.text:_c_int00_noargs:_c_int00_noargs)
                  00001bbc    00000020     driverlib.lib : uart.obj (.text:UARTDisable)
                  00001bdc    0000001c     rtsv7M4_T_le_v4SPD16_eabi.lib : copy_zero_init.c.obj (.text:decompress:ZI:__TI_zero_init_nomemset:__TI_zero_init_nomemset)
                  00001bf8    00000018     driverlib.lib : timer.obj (.text:TimerDisable)
                  00001c10    00000014                   : interrupt.obj (.text:IntUnregister)
                  00001c24    00000014                   : uart.obj (.text:UARTEnable)
                  00001c38    00000014     rtsv7M4_T_le_v4SPD16_eabi.lib : strlen.c.obj (.text:strlen)
                  00001c4c    00000012     driverlib.lib : timer.obj (.text:TimerLoadSet)
                  00001c5e    0000000e                   : timer.obj (.text:TimerEnable)
                  00001c6c    0000000e                   : uart.obj (.text:UARTCharsAvail)
                  00001c7a    0000000e     rtsv7M4_T_le_v4SPD16_eabi.lib : copy_decompress_none.c.obj (.text:decompress:none:__TI_decompress_none)
                  00001c88    0000000c     tm4c123gh6pm_startup_ccs.obj (.text)
                  00001c94    0000000a     driverlib.lib : timer.obj (.text:TimerIntStatus)
                  00001c9e    0000000a                   : uart.obj (.text:UARTCharGet)
                  00001ca8    00000008                   : timer.obj (.text:TimerIntEnable)
                  00001cb0    00000006                   : sysctl.obj (.text:SysCtlDelay)
                  00001cb6    00000004                   : timer.obj (.text:TimerIntClear)
                  00001cba    00000004     rtsv7M4_T_le_v4SPD16_eabi.lib : pre_init.c.obj (.text:_system_pre_init)
                  00001cbe    00000004                                   : exit.c.obj (.text:abort:abort)

.const     0    00001cc4    000002bc     
                  00001cc4    000000d8     main.obj (.const:g_ppui32GPIOIntMapSnowflake)
                  00001d9c    000000c0     main.obj (.const:g_ppui32GPIOIntMapBlizzard)
                  00001e5c    00000090     main.obj (.const:g_pui32GPIOBaseAddrs)
                  00001eec    0000006c     driverlib.lib : sysctl.obj (.const:g_pui32Xtals)
                  00001f58    00000014                   : interrupt.obj (.const:g_pui32Dii16Regs)
                  00001f6c    00000014                   : interrupt.obj (.const:g_pui32EnRegs)

.cinit     0    00001f80    00000048     
                  00001f80    00000011     (.cinit..data.load) [load image, compression = lzss]
                  00001f91    00000003     --HOLE-- [fill = 0]
                  00001f94    0000000c     (__TI_handler_table)
                  00001fa0    00000008     (.cinit..bss.load) [load image, compression = zero_init]
                  00001fa8    00000008     (.cinit..vtable.load) [load image, compression = zero_init]
                  00001fb0    00000018     (__TI_cinit_table)

.init_array 
*          0    00000000    00000000     UNINITIALIZED

.vtable    0    20000000    0000026c     UNINITIALIZED
                  20000000    0000026c     driverlib.lib : interrupt.obj (.vtable)

.data      0    20000470    00000010     UNINITIALIZED
                  20000470    00000008     main.obj (.data)
                  20000478    00000008     main.obj (.data:timeString)

.bss       0    20000480    00000008     UNINITIALIZED
                  20000480    00000004     (.common:gelenveri)
                  20000484    00000004     (.common:timerkesmesi)

.stack     0    20000270    00000200     UNINITIALIZED
                  20000270    00000004     rtsv7M4_T_le_v4SPD16_eabi.lib : boot_cortex_m.c.obj (.stack)
                  20000274    000001fc     --HOLE--

__llvm_prf_cnts 
*          0    20000000    00000000     UNINITIALIZED

MODULE SUMMARY

       Module                         code   ro data   rw data
       ------                         ----   -------   -------
    .\
       main.obj                       5096   552       24     
       tm4c123gh6pm_startup_ccs.obj   12     620       0      
    +--+------------------------------+------+---------+---------+
       Total:                         5108   1172      24     
                                                              
    C:/ti/TivaWare_C_Series-2.2.0.295/driverlib/ccs/Debug/driverlib.lib
       interrupt.obj                  282    40        620    
       sysctl.obj                     582    108       0      
       timer.obj                      174    0         0      
       uart.obj                       146    0         0      
    +--+------------------------------+------+---------+---------+
       Total:                         1184   148       620    
                                                              
    C:\ti\ccs1230\ccs\tools\compiler\ti-cgt-arm_20.2.7.LTS\lib\rtsv7M4_T_le_v4SPD16_eabi.lib
       memcpy_t2.asm.obj              156    0         0      
       copy_decompress_lzss.c.obj     104    0         0      
       autoinit.c.obj                 68     0         0      
       boot_cortex_m.c.obj            52     0         0      
       copy_zero_init.c.obj           28     0         0      
       strlen.c.obj                   20     0         0      
       copy_decompress_none.c.obj     14     0         0      
       exit.c.obj                     4      0         0      
       pre_init.c.obj                 4      0         0      
    +--+------------------------------+------+---------+---------+
       Total:                         450    0         0      
                                                              
       Stack:                         0      0         512    
       Linker Generated:              0      69        0      
    +--+------------------------------+------+---------+---------+
       Grand Total:                   6742   1389      1156   


LINKER GENERATED COPY TABLES

__TI_cinit_table @ 00001fb0 records: 3, size/record: 8, table size: 24
	.data: load addr=00001f80, load size=00000011 bytes, run addr=20000470, run size=00000010 bytes, compression=lzss
	.bss: load addr=00001fa0, load size=00000008 bytes, run addr=20000480, run size=00000008 bytes, compression=zero_init
	.vtable: load addr=00001fa8, load size=00000008 bytes, run addr=20000000, run size=0000026c bytes, compression=zero_init


LINKER GENERATED HANDLER TABLE

__TI_handler_table @ 00001f94 records: 3, size/record: 4, table size: 12
	index: 0, handler: __TI_zero_init
	index: 1, handler: __TI_decompress_lzss
	index: 2, handler: __TI_decompress_none


GLOBAL SYMBOLS: SORTED ALPHABETICALLY BY Name 

address   name                          
-------   ----                          
00001cbf  C$$EXIT                       
00000e31  GPIOADCTriggerDisable         
00000e13  GPIOADCTriggerEnable          
00000df5  GPIODMATriggerDisable         
00000dd7  GPIODMATriggerEnable          
00000327  GPIODirModeGet                
000002cb  GPIODirModeSet                
000008e1  GPIOIntClear                  
000008a5  GPIOIntDisable                
00000881  GPIOIntEnable                 
000008f5  GPIOIntRegister               
0000092d  GPIOIntRegisterPin            
000008bf  GPIOIntStatus                 
00000417  GPIOIntTypeGet                
00000373  GPIOIntTypeSet                
00000913  GPIOIntUnregister             
0000095b  GPIOIntUnregisterPin          
0000070f  GPIOPadConfigGet              
000004a1  GPIOPadConfigSet              
00000d79  GPIOPinConfigure              
0000097f  GPIOPinRead                   
000009b7  GPIOPinTypeADC                
000009db  GPIOPinTypeCAN                
000009ff  GPIOPinTypeComparator         
00000a23  GPIOPinTypeComparatorOutput   
00000a47  GPIOPinTypeDIVSCLK            
00000a6b  GPIOPinTypeEPI                
00000a8f  GPIOPinTypeEthernetLED        
00000ab3  GPIOPinTypeEthernetMII        
00000ad7  GPIOPinTypeGPIOInput          
00000afb  GPIOPinTypeGPIOOutput         
00000b25  GPIOPinTypeGPIOOutputOD       
00000b49  GPIOPinTypeHibernateRTCCLK    
00000b6d  GPIOPinTypeI2C                
00000b91  GPIOPinTypeI2CSCL             
00000bb5  GPIOPinTypeLCD                
00000bd9  GPIOPinTypeOneWire            
00000bfd  GPIOPinTypePWM                
00000c21  GPIOPinTypeQEI                
00000c45  GPIOPinTypeSSI                
00000c69  GPIOPinTypeTimer              
00000c8d  GPIOPinTypeTrace              
00000cb1  GPIOPinTypeUART               
00000cd5  GPIOPinTypeUSBAnalog          
00000cf9  GPIOPinTypeUSBDigital         
00000d1d  GPIOPinTypeWakeHigh           
00000d43  GPIOPinTypeWakeLow            
00000d69  GPIOPinWakeStatus             
00000997  GPIOPinWrite                  
00000e4f  GPIOUnlockPin                 
000018fd  IntDisable                    
00001965  IntEnable                     
00001b21  IntRegister                   
00001c11  IntUnregister                 
0000117d  LCD_Clear                     
00001025  LCD_Command                   
00001139  LCD_Cursor                    
000013f3  LCD_Print                     
000012d9  LCD_PrintJustify              
00001457  LCD_PrintLn                   
000010b5  LCD_Show                      
000011c1  LCD_Yaz                       
00000f2d  LCD_init                      
00001c89  ResetISR                      
00001655  SysCtlClockGet                
0000176d  SysCtlClockSet                
00001cb1  SysCtlDelay                   
00001b55  SysCtlPeripheralEnable        
00001a35  TimerConfigure                
00001bf9  TimerDisable                  
00001c5f  TimerEnable                   
00001cb7  TimerIntClear                 
00001ca9  TimerIntEnable                
00001c95  TimerIntStatus                
00001c4d  TimerLoadSet                  
00001c9f  UARTCharGet                   
00001c6d  UARTCharsAvail                
00001a95  UARTConfigSetExpClk           
00001bbd  UARTDisable                   
00001c25  UARTEnable                    
20000470  __STACK_END                   
00000200  __STACK_SIZE                  
20000470  __STACK_TOP                   
00001fb0  __TI_CINIT_Base               
00001fc8  __TI_CINIT_Limit              
00001f94  __TI_Handler_Table_Base       
00001fa0  __TI_Handler_Table_Limit      
00001add  __TI_auto_init_nobinit_nopinit
000019cd  __TI_decompress_lzss          
00001c7b  __TI_decompress_none          
ffffffff  __TI_pprof_out_hndl           
ffffffff  __TI_prof_data_size           
ffffffff  __TI_prof_data_start          
00000000  __TI_static_base__            
00001bdd  __TI_zero_init_nomemset       
00001861  __aeabi_memcpy                
00001861  __aeabi_memcpy4               
00001861  __aeabi_memcpy8               
ffffffff  __binit__                     
ffffffff  __c_args__                    
UNDEFED   __mpu_init                    
20000270  __stack                       
20000000  __start___llvm_prf_cnts       
20000000  __stop___llvm_prf_cnts        
00001b89  _c_int00_noargs               
UNDEFED   _system_post_cinit            
00001cbb  _system_pre_init              
00001cbf  abort                         
ffffffff  binit                         
20000000  g_pfnRAMVectors               
00000000  g_pfnVectors                  
20000474  gelensaatno                   
20000480  gelenveri                     
000015e3  ilkayarlar                    
0000149d  initClock                     
000014db  initLCD                       
00000e75  main                          
00001861  memcpy                        
20000470  saatmi                        
00001c39  strlen                        
20000478  timeString                    
20000484  timerkesmesi                  
000014f1  updateClock                   


GLOBAL SYMBOLS: SORTED BY Symbol Address 

address   name                          
-------   ----                          
00000000  __TI_static_base__            
00000000  g_pfnVectors                  
00000200  __STACK_SIZE                  
000002cb  GPIODirModeSet                
00000327  GPIODirModeGet                
00000373  GPIOIntTypeSet                
00000417  GPIOIntTypeGet                
000004a1  GPIOPadConfigSet              
0000070f  GPIOPadConfigGet              
00000881  GPIOIntEnable                 
000008a5  GPIOIntDisable                
000008bf  GPIOIntStatus                 
000008e1  GPIOIntClear                  
000008f5  GPIOIntRegister               
00000913  GPIOIntUnregister             
0000092d  GPIOIntRegisterPin            
0000095b  GPIOIntUnregisterPin          
0000097f  GPIOPinRead                   
00000997  GPIOPinWrite                  
000009b7  GPIOPinTypeADC                
000009db  GPIOPinTypeCAN                
000009ff  GPIOPinTypeComparator         
00000a23  GPIOPinTypeComparatorOutput   
00000a47  GPIOPinTypeDIVSCLK            
00000a6b  GPIOPinTypeEPI                
00000a8f  GPIOPinTypeEthernetLED        
00000ab3  GPIOPinTypeEthernetMII        
00000ad7  GPIOPinTypeGPIOInput          
00000afb  GPIOPinTypeGPIOOutput         
00000b25  GPIOPinTypeGPIOOutputOD       
00000b49  GPIOPinTypeHibernateRTCCLK    
00000b6d  GPIOPinTypeI2C                
00000b91  GPIOPinTypeI2CSCL             
00000bb5  GPIOPinTypeLCD                
00000bd9  GPIOPinTypeOneWire            
00000bfd  GPIOPinTypePWM                
00000c21  GPIOPinTypeQEI                
00000c45  GPIOPinTypeSSI                
00000c69  GPIOPinTypeTimer              
00000c8d  GPIOPinTypeTrace              
00000cb1  GPIOPinTypeUART               
00000cd5  GPIOPinTypeUSBAnalog          
00000cf9  GPIOPinTypeUSBDigital         
00000d1d  GPIOPinTypeWakeHigh           
00000d43  GPIOPinTypeWakeLow            
00000d69  GPIOPinWakeStatus             
00000d79  GPIOPinConfigure              
00000dd7  GPIODMATriggerEnable          
00000df5  GPIODMATriggerDisable         
00000e13  GPIOADCTriggerEnable          
00000e31  GPIOADCTriggerDisable         
00000e4f  GPIOUnlockPin                 
00000e75  main                          
00000f2d  LCD_init                      
00001025  LCD_Command                   
000010b5  LCD_Show                      
00001139  LCD_Cursor                    
0000117d  LCD_Clear                     
000011c1  LCD_Yaz                       
000012d9  LCD_PrintJustify              
000013f3  LCD_Print                     
00001457  LCD_PrintLn                   
0000149d  initClock                     
000014db  initLCD                       
000014f1  updateClock                   
000015e3  ilkayarlar                    
00001655  SysCtlClockGet                
0000176d  SysCtlClockSet                
00001861  __aeabi_memcpy                
00001861  __aeabi_memcpy4               
00001861  __aeabi_memcpy8               
00001861  memcpy                        
000018fd  IntDisable                    
00001965  IntEnable                     
000019cd  __TI_decompress_lzss          
00001a35  TimerConfigure                
00001a95  UARTConfigSetExpClk           
00001add  __TI_auto_init_nobinit_nopinit
00001b21  IntRegister                   
00001b55  SysCtlPeripheralEnable        
00001b89  _c_int00_noargs               
00001bbd  UARTDisable                   
00001bdd  __TI_zero_init_nomemset       
00001bf9  TimerDisable                  
00001c11  IntUnregister                 
00001c25  UARTEnable                    
00001c39  strlen                        
00001c4d  TimerLoadSet                  
00001c5f  TimerEnable                   
00001c6d  UARTCharsAvail                
00001c7b  __TI_decompress_none          
00001c89  ResetISR                      
00001c95  TimerIntStatus                
00001c9f  UARTCharGet                   
00001ca9  TimerIntEnable                
00001cb1  SysCtlDelay                   
00001cb7  TimerIntClear                 
00001cbb  _system_pre_init              
00001cbf  C$$EXIT                       
00001cbf  abort                         
00001f94  __TI_Handler_Table_Base       
00001fa0  __TI_Handler_Table_Limit      
00001fb0  __TI_CINIT_Base               
00001fc8  __TI_CINIT_Limit              
20000000  __start___llvm_prf_cnts       
20000000  __stop___llvm_prf_cnts        
20000000  g_pfnRAMVectors               
20000270  __stack                       
20000470  __STACK_END                   
20000470  __STACK_TOP                   
20000470  saatmi                        
20000474  gelensaatno                   
20000478  timeString                    
20000480  gelenveri                     
20000484  timerkesmesi                  
ffffffff  __TI_pprof_out_hndl           
ffffffff  __TI_prof_data_size           
ffffffff  __TI_prof_data_start          
ffffffff  __binit__                     
ffffffff  __c_args__                    
ffffffff  binit                         
UNDEFED   __mpu_init                    
UNDEFED   _system_post_cinit            

[123 symbols]
